[pid 2691811] execve("/nix/store/cjsr67wb763pwjmwimkqjcgkw2pw0cx1-glib-2.86.3-bin/bin/git", ["git", "check-ignore", "-v", "-z", "--stdin"], 0x2134000eb800 /* 117 vars */) = -1 ENOENT (No such file or directory)
[pid 2691811] execve("/nix/store/d4c56s8wa6rz2dnw6ridg7r1dvax1gky-gnugrep-3.12/bin/git", ["git", "check-ignore", "-v", "-z", "--stdin"], 0x2134000eb800 /* 117 vars */) = -1 ENOENT (No such file or directory)
[pid 2691811] execve("/nix/store/wkkwxc04gdw6b263l1h29pjarjnjdyb6-coreutils-9.8/bin/git", ["git", "check-ignore", "-v", "-z", "--stdin"], 0x2134000eb800 /* 117 vars */) = -1 ENOENT (No such file or directory)
[pid 2691811] execve("/home/x/i/icecap/hack/nix/result/bin/git", ["git", "check-ignore", "-v", "-z", "--stdin"], 0x2134000eb800 /* 117 vars */) = -1 ENOENT (No such file or directory)
[pid 2691811] execve("/run/wrappers/bin/git", ["git", "check-ignore", "-v", "-z", "--stdin"], 0x2134000eb800 /* 117 vars */) = -1 ENOENT (No such file or directory)
[pid 2691811] execve("/home/x/.nix-profile/bin/git", ["git", "check-ignore", "-v", "-z", "--stdin"], 0x2134000eb800 /* 117 vars */) = 0
strace: Process 2691812 attached
strace: Process 2691813 attached
strace: Process 2691814 attached
[pid 2691810] +++ exited with 0 +++
[pid 2691363] --- SIGCHLD {si_signo=SIGCHLD, si_code=CLD_EXITED, si_pid=2691810, si_uid=1000, si_status=0, si_utime=0, si_stime=0} ---
strace: Process 2691815 attached
strace: Process 2691816 attached
strace: Process 2691817 attached
[pid 2691813] execve("/nix/store/cjsr67wb763pwjmwimkqjcgkw2pw0cx1-glib-2.86.3-bin/bin/git", ["git", "rev-parse", "--show-toplevel"], 0x2134000eb800 /* 117 vars */) = -1 ENOENT (No such file or directory)
strace: Process 2691818 attached
[pid 2691813] execve("/nix/store/d4c56s8wa6rz2dnw6ridg7r1dvax1gky-gnugrep-3.12/bin/git", ["git", "rev-parse", "--show-toplevel"], 0x2134000eb800 /* 117 vars */) = -1 ENOENT (No such file or directory)
[pid 2691813] execve("/nix/store/wkkwxc04gdw6b263l1h29pjarjnjdyb6-coreutils-9.8/bin/git", ["git", "rev-parse", "--show-toplevel"], 0x2134000eb800 /* 117 vars */) = -1 ENOENT (No such file or directory)
[pid 2691813] execve("/home/x/i/icecap/hack/nix/result/bin/git", ["git", "rev-parse", "--show-toplevel"], 0x2134000eb800 /* 117 vars */) = -1 ENOENT (No such file or directory)
[pid 2691813] execve("/run/wrappers/bin/git", ["git", "rev-parse", "--show-toplevel"], 0x2134000eb800 /* 117 vars */) = -1 ENOENT (No such file or directory)
[pid 2691813] execve("/home/x/.nix-profile/bin/git", ["git", "rev-parse", "--show-toplevel"], 0x2134000eb800 /* 117 vars */) = 0
[pid 2691811] +++ exited with 0 +++
[pid 2691363] --- SIGCHLD {si_signo=SIGCHLD, si_code=CLD_EXITED, si_pid=2691811, si_uid=1000, si_status=0, si_utime=0, si_stime=0} ---
[pid 2691813] +++ exited with 0 +++
[pid 2691384] --- SIGCHLD {si_signo=SIGCHLD, si_code=CLD_EXITED, si_pid=2691813, si_uid=1000, si_status=0, si_utime=0, si_stime=0} ---
strace: Process 2691819 attached
[pid 2691819] execve("/nix/store/cjsr67wb763pwjmwimkqjcgkw2pw0cx1-glib-2.86.3-bin/bin/git", ["git", "diff", "--name-status", "-z", "--diff-filter=ADMR", "--find-renames=50%", "185b1fab2a3947860e64b0b6a60923db"..., "--"], 0x2134000eb800 /* 117 vars */) = -1 ENOENT (No such file or directory)
[pid 2691819] execve("/nix/store/d4c56s8wa6rz2dnw6ridg7r1dvax1gky-gnugrep-3.12/bin/git", ["git", "diff", "--name-status", "-z", "--diff-filter=ADMR", "--find-renames=50%", "185b1fab2a3947860e64b0b6a60923db"..., "--"], 0x2134000eb800 /* 117 vars */) = -1 ENOENT (No such file or directory)
[pid 2691819] execve("/nix/store/wkkwxc04gdw6b263l1h29pjarjnjdyb6-coreutils-9.8/bin/git", ["git", "diff", "--name-status", "-z", "--diff-filter=ADMR", "--find-renames=50%", "185b1fab2a3947860e64b0b6a60923db"..., "--"], 0x2134000eb800 /* 117 vars */) = -1 ENOENT (No such file or directory)
[pid 2691819] execve("/home/x/i/icecap/hack/nix/result/bin/git", ["git", "diff", "--name-status", "-z", "--diff-filter=ADMR", "--find-renames=50%", "185b1fab2a3947860e64b0b6a60923db"..., "--"], 0x2134000eb800 /* 117 vars */) = -1 ENOENT (No such file or directory)
[pid 2691819] execve("/run/wrappers/bin/git", ["git", "diff", "--name-status", "-z", "--diff-filter=ADMR", "--find-renames=50%", "185b1fab2a3947860e64b0b6a60923db"..., "--"], 0x2134000eb800 /* 117 vars */) = -1 ENOENT (No such file or directory)
[pid 2691819] execve("/home/x/.nix-profile/bin/git", ["git", "diff", "--name-status", "-z", "--diff-filter=ADMR", "--find-renames=50%", "185b1fab2a3947860e64b0b6a60923db"..., "--"], 0x2134000eb800 /* 117 vars */) = 0
strace: Process 2691820 attached
[pid 2691819] +++ exited with 0 +++
[pid 2691381] --- SIGCHLD {si_signo=SIGCHLD, si_code=CLD_EXITED, si_pid=2691819, si_uid=1000, si_status=0, si_utime=0, si_stime=0} ---
strace: Process 2691821 attached
[pid 2691821] execve("/nix/store/cjsr67wb763pwjmwimkqjcgkw2pw0cx1-glib-2.86.3-bin/bin/git", ["git", "rev-parse", "--show-toplevel"], 0x2134000eb800 /* 117 vars */) = -1 ENOENT (No such file or directory)
[pid 2691821] execve("/nix/store/d4c56s8wa6rz2dnw6ridg7r1dvax1gky-gnugrep-3.12/bin/git", ["git", "rev-parse", "--show-toplevel"], 0x2134000eb800 /* 117 vars */) = -1 ENOENT (No such file or directory)
[pid 2691821] execve("/nix/store/wkkwxc04gdw6b263l1h29pjarjnjdyb6-coreutils-9.8/bin/git", ["git", "rev-parse", "--show-toplevel"], 0x2134000eb800 /* 117 vars */) = -1 ENOENT (No such file or directory)
[pid 2691821] execve("/home/x/i/icecap/hack/nix/result/bin/git", ["git", "rev-parse", "--show-toplevel"], 0x2134000eb800 /* 117 vars */) = -1 ENOENT (No such file or directory)
[pid 2691821] execve("/run/wrappers/bin/git", ["git", "rev-parse", "--show-toplevel"], 0x2134000eb800 /* 117 vars */) = -1 ENOENT (No such file or directory)
[pid 2691821] execve("/home/x/.nix-profile/bin/git", ["git", "rev-parse", "--show-toplevel"], 0x2134000eb800 /* 117 vars */) = 0
strace: Process 2691822 attached
[pid 2691822] execve("/nix/store/cjsr67wb763pwjmwimkqjcgkw2pw0cx1-glib-2.86.3-bin/bin/git", ["git", "status", "-z", "-uall"], 0x2134000eb800 /* 118 vars */) = -1 ENOENT (No such file or directory)
[pid 2691822] execve("/nix/store/d4c56s8wa6rz2dnw6ridg7r1dvax1gky-gnugrep-3.12/bin/git", ["git", "status", "-z", "-uall"], 0x2134000eb800 /* 118 vars */) = -1 ENOENT (No such file or directory)
[pid 2691822] execve("/nix/store/wkkwxc04gdw6b263l1h29pjarjnjdyb6-coreutils-9.8/bin/git", ["git", "status", "-z", "-uall"], 0x2134000eb800 /* 118 vars */) = -1 ENOENT (No such file or directory)
[pid 2691822] execve("/home/x/i/icecap/hack/nix/result/bin/git", ["git", "status", "-z", "-uall"], 0x2134000eb800 /* 118 vars */) = -1 ENOENT (No such file or directory)
[pid 2691822] execve("/run/wrappers/bin/git", ["git", "status", "-z", "-uall"], 0x2134000eb800 /* 118 vars */) = -1 ENOENT (No such file or directory)
[pid 2691822] execve("/home/x/.nix-profile/bin/git", ["git", "status", "-z", "-uall"], 0x2134000eb800 /* 118 vars */ <unfinished ...>
[pid 2691821] +++ exited with 0 +++
[pid 2691363] --- SIGCHLD {si_signo=SIGCHLD, si_code=CLD_EXITED, si_pid=2691821, si_uid=1000, si_status=0, si_utime=0, si_stime=0} ---
[pid 2691822] <... execve resumed>)     = 0
strace: Process 2691823 attached
[pid 2691823] execve("/nix/store/cjsr67wb763pwjmwimkqjcgkw2pw0cx1-glib-2.86.3-bin/bin/git", ["git", "for-each-ref", "--sort", "-committerdate", "--format", "%(refname)%00%(objectname)%00%(*"...], 0x2134000eb800 /* 117 vars */) = -1 ENOENT (No such file or directory)
[pid 2691823] execve("/nix/store/d4c56s8wa6rz2dnw6ridg7r1dvax1gky-gnugrep-3.12/bin/git", ["git", "for-each-ref", "--sort", "-committerdate", "--format", "%(refname)%00%(objectname)%00%(*"...], 0x2134000eb800 /* 117 vars */) = -1 ENOENT (No such file or directory)
[pid 2691823] execve("/nix/store/wkkwxc04gdw6b263l1h29pjarjnjdyb6-coreutils-9.8/bin/git", ["git", "for-each-ref", "--sort", "-committerdate", "--format", "%(refname)%00%(objectname)%00%(*"...], 0x2134000eb800 /* 117 vars */) = -1 ENOENT (No such file or directory)
[pid 2691823] execve("/home/x/i/icecap/hack/nix/result/bin/git", ["git", "for-each-ref", "--sort", "-committerdate", "--format", "%(refname)%00%(objectname)%00%(*"...], 0x2134000eb800 /* 117 vars */) = -1 ENOENT (No such file or directory)
[pid 2691823] execve("/run/wrappers/bin/git", ["git", "for-each-ref", "--sort", "-committerdate", "--format", "%(refname)%00%(objectname)%00%(*"...], 0x2134000eb800 /* 117 vars */) = -1 ENOENT (No such file or directory)
[pid 2691823] execve("/home/x/.nix-profile/bin/git", ["git", "for-each-ref", "--sort", "-committerdate", "--format", "%(refname)%00%(objectname)%00%(*"...], 0x2134000eb800 /* 117 vars */) = 0
strace: Process 2691824 attached
strace: Process 2691825 attached
strace: Process 2691826 attached
[pid 2691826] execve("/nix/store/cjsr67wb763pwjmwimkqjcgkw2pw0cx1-glib-2.86.3-bin/bin/git", ["git", "rev-parse", "--show-toplevel"], 0x2134000eb400 /* 117 vars */) = -1 ENOENT (No such file or directory)
[pid 2691826] execve("/nix/store/d4c56s8wa6rz2dnw6ridg7r1dvax1gky-gnugrep-3.12/bin/git", ["git", "rev-parse", "--show-toplevel"], 0x2134000eb400 /* 117 vars */) = -1 ENOENT (No such file or directory)
[pid 2691826] execve("/nix/store/wkkwxc04gdw6b263l1h29pjarjnjdyb6-coreutils-9.8/bin/git", ["git", "rev-parse", "--show-toplevel"], 0x2134000eb400 /* 117 vars */) = -1 ENOENT (No such file or directory)
[pid 2691826] execve("/home/x/i/icecap/hack/nix/result/bin/git", ["git", "rev-parse", "--show-toplevel"], 0x2134000eb400 /* 117 vars */) = -1 ENOENT (No such file or directory)
[pid 2691826] execve("/run/wrappers/bin/git", ["git", "rev-parse", "--show-toplevel"], 0x2134000eb400 /* 117 vars */) = -1 ENOENT (No such file or directory)
[pid 2691826] execve("/home/x/.nix-profile/bin/git", ["git", "rev-parse", "--show-toplevel"], 0x2134000eb400 /* 117 vars */) = 0
[pid 2691826] +++ exited with 0 +++
[pid 2691363] --- SIGCHLD {si_signo=SIGCHLD, si_code=CLD_EXITED, si_pid=2691826, si_uid=1000, si_status=0, si_utime=0, si_stime=0} ---
strace: Process 2691827 attached
[pid 2691827] execve("/nix/store/cjsr67wb763pwjmwimkqjcgkw2pw0cx1-glib-2.86.3-bin/bin/docker", ["docker", "context", "ls", "--format", "{{json .}}"], 0x2134000bd780 /* 104 vars */) = -1 ENOENT (No such file or directory)
[pid 2691827] execve("/nix/store/d4c56s8wa6rz2dnw6ridg7r1dvax1gky-gnugrep-3.12/bin/docker", ["docker", "context", "ls", "--format", "{{json .}}"], 0x2134000bd780 /* 104 vars */) = -1 ENOENT (No such file or directory)
[pid 2691827] execve("/nix/store/wkkwxc04gdw6b263l1h29pjarjnjdyb6-coreutils-9.8/bin/docker", ["docker", "context", "ls", "--format", "{{json .}}"], 0x2134000bd780 /* 104 vars */) = -1 ENOENT (No such file or directory)
[pid 2691827] execve("/home/x/i/icecap/hack/nix/result/bin/docker", ["docker", "context", "ls", "--format", "{{json .}}"], 0x2134000bd780 /* 104 vars */) = -1 ENOENT (No such file or directory)
[pid 2691827] execve("/run/wrappers/bin/docker", ["docker", "context", "ls", "--format", "{{json .}}"], 0x2134000bd780 /* 104 vars */) = -1 ENOENT (No such file or directory)
[pid 2691827] execve("/home/x/.nix-profile/bin/docker", ["docker", "context", "ls", "--format", "{{json .}}"], 0x2134000bd780 /* 104 vars */) = -1 ENOENT (No such file or directory)
[pid 2691827] execve("/nix/profile/bin/docker", ["docker", "context", "ls", "--format", "{{json .}}"], 0x2134000bd780 /* 104 vars */) = -1 ENOENT (No such file or directory)
[pid 2691827] execve("/home/x/.local/state/nix/profile/bin/docker", ["docker", "context", "ls", "--format", "{{json .}}"], 0x2134000bd780 /* 104 vars */) = -1 ENOENT (No such file or directory)
[pid 2691827] execve("/etc/profiles/per-user/x/bin/docker", ["docker", "context", "ls", "--format", "{{json .}}"], 0x2134000bd780 /* 104 vars */) = -1 ENOENT (No such file or directory)
[pid 2691827] execve("/nix/var/nix/profiles/default/bin/docker", ["docker", "context", "ls", "--format", "{{json .}}"], 0x2134000bd780 /* 104 vars */) = -1 ENOENT (No such file or directory)
[pid 2691827] execve("/run/current-system/sw/bin/docker", ["docker", "context", "ls", "--format", "{{json .}}"], 0x2134000bd780 /* 104 vars */ <unfinished ...>
[pid 2691825] +++ exited with 0 +++
[pid 2691827] <... execve resumed>)     = 0
[pid 2691823] +++ exited with 0 +++
[pid 2691363] --- SIGCHLD {si_signo=SIGCHLD, si_code=CLD_EXITED, si_pid=2691823, si_uid=1000, si_status=0, si_utime=0, si_stime=0} ---
[pid 2691827] execve("/nix/store/p274fs7jg02wx6jb4r10xwfz3ijar0kq-docker-28.5.2/libexec/docker/docker", ["/nix/store/p274fs7jg02wx6jb4r10x"..., "context", "ls", "--format", "{{json .}}"], 0x7fff70506f78 /* 104 vars */) = 0
[pid 2691824] +++ exited with 0 +++
strace: Process 2691828 attached
[pid 2691828] execve("/nix/store/cjsr67wb763pwjmwimkqjcgkw2pw0cx1-glib-2.86.3-bin/bin/git", ["git", "rev-parse", "--show-toplevel"], 0x2134000eb400 /* 117 vars */) = -1 ENOENT (No such file or directory)
[pid 2691828] execve("/nix/store/d4c56s8wa6rz2dnw6ridg7r1dvax1gky-gnugrep-3.12/bin/git", ["git", "rev-parse", "--show-toplevel"], 0x2134000eb400 /* 117 vars */) = -1 ENOENT (No such file or directory)
[pid 2691828] execve("/nix/store/wkkwxc04gdw6b263l1h29pjarjnjdyb6-coreutils-9.8/bin/git", ["git", "rev-parse", "--show-toplevel"], 0x2134000eb400 /* 117 vars */) = -1 ENOENT (No such file or directory)
[pid 2691828] execve("/home/x/i/icecap/hack/nix/result/bin/git", ["git", "rev-parse", "--show-toplevel"], 0x2134000eb400 /* 117 vars */) = -1 ENOENT (No such file or directory)
[pid 2691828] execve("/run/wrappers/bin/git", ["git", "rev-parse", "--show-toplevel"], 0x2134000eb400 /* 117 vars */) = -1 ENOENT (No such file or directory)
[pid 2691828] execve("/home/x/.nix-profile/bin/git", ["git", "rev-parse", "--show-toplevel"], 0x2134000eb400 /* 117 vars */) = 0
strace: Process 2691829 attached
strace: Process 2691830 attached
strace: Process 2691831 attached
strace: Process 2691832 attached
strace: Process 2691833 attached
[pid 2691828] +++ exited with 0 +++
[pid 2691363] --- SIGCHLD {si_signo=SIGCHLD, si_code=CLD_EXITED, si_pid=2691828, si_uid=1000, si_status=0, si_utime=0, si_stime=0} ---
strace: Process 2691834 attached
[pid 2691831] --- SIGURG {si_signo=SIGURG, si_code=SI_TKILL, si_pid=2691827, si_uid=1000} ---
strace: Process 2691835 attached
[pid 2691834] --- SIGURG {si_signo=SIGURG, si_code=SI_TKILL, si_pid=2691827, si_uid=1000} ---
[pid 2691831] --- SIGURG {si_signo=SIGURG, si_code=SI_TKILL, si_pid=2691827, si_uid=1000} ---
[pid 2691831] --- SIGURG {si_signo=SIGURG, si_code=SI_TKILL, si_pid=2691827, si_uid=1000} ---
[pid 2691835] --- SIGURG {si_signo=SIGURG, si_code=SI_TKILL, si_pid=2691827, si_uid=1000} ---
strace: Process 2691836 attached
[pid 2691834] --- SIGURG {si_signo=SIGURG, si_code=SI_TKILL, si_pid=2691827, si_uid=1000} ---
[pid 2691834] --- SIGURG {si_signo=SIGURG, si_code=SI_TKILL, si_pid=2691827, si_uid=1000} ---
[pid 2691836] execve("/nix/store/cjsr67wb763pwjmwimkqjcgkw2pw0cx1-glib-2.86.3-bin/bin/git", ["git", "rev-parse", "--show-toplevel"], 0x2134000eb400 /* 117 vars */) = -1 ENOENT (No such file or directory)
[pid 2691836] execve("/nix/store/d4c56s8wa6rz2dnw6ridg7r1dvax1gky-gnugrep-3.12/bin/git", ["git", "rev-parse", "--show-toplevel"], 0x2134000eb400 /* 117 vars */) = -1 ENOENT (No such file or directory)
[pid 2691836] execve("/nix/store/wkkwxc04gdw6b263l1h29pjarjnjdyb6-coreutils-9.8/bin/git", ["git", "rev-parse", "--show-toplevel"], 0x2134000eb400 /* 117 vars */) = -1 ENOENT (No such file or directory)
[pid 2691836] execve("/home/x/i/icecap/hack/nix/result/bin/git", ["git", "rev-parse", "--show-toplevel"], 0x2134000eb400 /* 117 vars */) = -1 ENOENT (No such file or directory)
[pid 2691836] execve("/run/wrappers/bin/git", ["git", "rev-parse", "--show-toplevel"], 0x2134000eb400 /* 117 vars */) = -1 ENOENT (No such file or directory)
[pid 2691836] execve("/home/x/.nix-profile/bin/git", ["git", "rev-parse", "--show-toplevel"], 0x2134000eb400 /* 117 vars */ <unfinished ...>
[pid 2691835] +++ exited with 0 +++
[pid 2691834] +++ exited with 0 +++
[pid 2691833] +++ exited with 0 +++
[pid 2691832] +++ exited with 0 +++
[pid 2691831] +++ exited with 0 +++
[pid 2691830] +++ exited with 0 +++
[pid 2691829] +++ exited with 0 +++
[pid 2691836] <... execve resumed>)     = 0
[pid 2691827] +++ exited with 0 +++
[pid 2691363] --- SIGCHLD {si_signo=SIGCHLD, si_code=CLD_EXITED, si_pid=2691827, si_uid=1000, si_status=0, si_utime=0, si_stime=1 /* 0.01 s */} ---
[pid 2691836] +++ exited with 0 +++
[pid 2691381] --- SIGCHLD {si_signo=SIGCHLD, si_code=CLD_EXITED, si_pid=2691836, si_uid=1000, si_status=0, si_utime=0, si_stime=0} ---
strace: Process 2691837 attached
[pid 2691837] execve("/nix/store/cjsr67wb763pwjmwimkqjcgkw2pw0cx1-glib-2.86.3-bin/bin/docker", ["docker", "context", "ls", "--format", "{{json .}}"], 0x2134000bd780 /* 104 vars */) = -1 ENOENT (No such file or directory)
[pid 2691837] execve("/nix/store/d4c56s8wa6rz2dnw6ridg7r1dvax1gky-gnugrep-3.12/bin/docker", ["docker", "context", "ls", "--format", "{{json .}}"], 0x2134000bd780 /* 104 vars */) = -1 ENOENT (No such file or directory)
[pid 2691837] execve("/nix/store/wkkwxc04gdw6b263l1h29pjarjnjdyb6-coreutils-9.8/bin/docker", ["docker", "context", "ls", "--format", "{{json .}}"], 0x2134000bd780 /* 104 vars */) = -1 ENOENT (No such file or directory)
[pid 2691837] execve("/home/x/i/icecap/hack/nix/result/bin/docker", ["docker", "context", "ls", "--format", "{{json .}}"], 0x2134000bd780 /* 104 vars */) = -1 ENOENT (No such file or directory)
[pid 2691837] execve("/run/wrappers/bin/docker", ["docker", "context", "ls", "--format", "{{json .}}"], 0x2134000bd780 /* 104 vars */) = -1 ENOENT (No such file or directory)
[pid 2691837] execve("/home/x/.nix-profile/bin/docker", ["docker", "context", "ls", "--format", "{{json .}}"], 0x2134000bd780 /* 104 vars */) = -1 ENOENT (No such file or directory)
[pid 2691837] execve("/nix/profile/bin/docker", ["docker", "context", "ls", "--format", "{{json .}}"], 0x2134000bd780 /* 104 vars */) = -1 ENOENT (No such file or directory)
[pid 2691837] execve("/home/x/.local/state/nix/profile/bin/docker", ["docker", "context", "ls", "--format", "{{json .}}"], 0x2134000bd780 /* 104 vars */) = -1 ENOENT (No such file or directory)
[pid 2691837] execve("/etc/profiles/per-user/x/bin/docker", ["docker", "context", "ls", "--format", "{{json .}}"], 0x2134000bd780 /* 104 vars */) = -1 ENOENT (No such file or directory)
[pid 2691837] execve("/nix/var/nix/profiles/default/bin/docker", ["docker", "context", "ls", "--format", "{{json .}}"], 0x2134000bd780 /* 104 vars */) = -1 ENOENT (No such file or directory)
[pid 2691837] execve("/run/current-system/sw/bin/docker", ["docker", "context", "ls", "--format", "{{json .}}"], 0x2134000bd780 /* 104 vars */) = 0
[pid 2691837] execve("/nix/store/p274fs7jg02wx6jb4r10xwfz3ijar0kq-docker-28.5.2/libexec/docker/docker", ["/nix/store/p274fs7jg02wx6jb4r10x"..., "context", "ls", "--format", "{{json .}}"], 0x7fff672de408 /* 104 vars */) = 0
strace: Process 2691838 attached
strace: Process 2691839 attached
strace: Process 2691840 attached
strace: Process 2691841 attached
strace: Process 2691842 attached
strace: Process 2691843 attached
strace: Process 2691844 attached
[pid 2691843] --- SIGURG {si_signo=SIGURG, si_code=SI_TKILL, si_pid=2691837, si_uid=1000} ---
[pid 2691841] --- SIGURG {si_signo=SIGURG, si_code=SI_TKILL, si_pid=2691837, si_uid=1000} ---
[pid 2691841] --- SIGURG {si_signo=SIGURG, si_code=SI_TKILL, si_pid=2691837, si_uid=1000} ---
strace: Process 2691845 attached
[pid 2691840] --- SIGURG {si_signo=SIGURG, si_code=SI_TKILL, si_pid=2691837, si_uid=1000} ---
[pid 2691841] --- SIGURG {si_signo=SIGURG, si_code=SI_TKILL, si_pid=2691837, si_uid=1000} ---
[pid 2691841] --- SIGURG {si_signo=SIGURG, si_code=SI_TKILL, si_pid=2691837, si_uid=1000} ---
[pid 2691841] --- SIGURG {si_signo=SIGURG, si_code=SI_TKILL, si_pid=2691837, si_uid=1000} ---
[pid 2691841] --- SIGURG {si_signo=SIGURG, si_code=SI_TKILL, si_pid=2691837, si_uid=1000} ---
[pid 2691845] --- SIGURG {si_signo=SIGURG, si_code=SI_TKILL, si_pid=2691837, si_uid=1000} ---
[pid 2691845] +++ exited with 0 +++
[pid 2691844] +++ exited with 0 +++
[pid 2691843] +++ exited with 0 +++
[pid 2691842] +++ exited with 0 +++
[pid 2691841] +++ exited with 0 +++
[pid 2691840] +++ exited with 0 +++
[pid 2691839] +++ exited with 0 +++
[pid 2691838] +++ exited with 0 +++
[pid 2691837] +++ exited with 0 +++
[pid 2691363] --- SIGCHLD {si_signo=SIGCHLD, si_code=CLD_EXITED, si_pid=2691837, si_uid=1000, si_status=0, si_utime=0, si_stime=1 /* 0.01 s */} ---
[pid 2691775] +++ exited with 0 +++
[pid 2691632] --- SIGCHLD {si_signo=SIGCHLD, si_code=CLD_EXITED, si_pid=2691775, si_uid=1000, si_status=0, si_utime=4 /* 0.04 s */, si_stime=4 /* 0.04 s */} ---
strace: Process 2691846 attached
strace: Process 2691847 attached
strace: Process 2691848 attached
strace: Process 2691849 attached
strace: Process 2691850 attached
strace: Process 2691851 attached
strace: Process 2691852 attached
strace: Process 2691853 attached
[pid 2691852] execve("/home/x/i/rust-sel4/hacking/vscode/cargo-wrapper/cargo", ["/home/x/i/rust-sel4/hacking/vsco"..., "rustc", "-Z", "unstable-options", "--print", "cfg", "--target", "x86_64-unknown-linux-gnu", "--", "-O"], 0x7fbb20004ee0 /* 112 vars */ <unfinished ...>
[pid 2691853] execve("/home/x/i/rust-sel4/hacking/vscode/cargo-wrapper/cargo", ["/home/x/i/rust-sel4/hacking/vsco"..., "rustc", "-Z", "unstable-options", "--print", "target-spec-json", "--target", "x86_64-unknown-linux-gnu", "--", "-Z", "unstable-options"], 0x7fbb24004c70 /* 112 vars */ <unfinished ...>
[pid 2691852] <... execve resumed>)     = 0
[pid 2691853] <... execve resumed>)     = 0
strace: Process 2691854 attached
strace: Process 2691855 attached
[pid 2691851] +++ exited with 0 +++
[pid 2691854] execve("/home/x/i/rust-sel4/hacking/vscode/cargo-wrapper/cargo", ["/home/x/i/rust-sel4/hacking/vsco"..., "metadata", "--format-version", "1", "--manifest-path", "/home/x/i/rust-sel4/Cargo.toml", "--filter-platform", "x86_64-unknown-linux-gnu", "-Zlockfile-path", "-Zunstable-options"], 0x7fbb1c005070 /* 113 vars */ <unfinished ...>
[pid 2691855] execve("/home/x/i/rust-sel4/hacking/vscode/cargo-wrapper/cargo", ["/home/x/i/rust-sel4/hacking/vsco"..., "metadata", "--format-version", "1", "--no-deps", "--manifest-path", "/home/x/.rustup/toolchains/night"..., "--filter-platform", "x86_64-unknown-linux-gnu"], 0x7fbb18006130 /* 111 vars */ <unfinished ...>
[pid 2691854] <... execve resumed>)     = 0
[pid 2691855] <... execve resumed>)     = 0
strace: Process 2691856 attached
strace: Process 2691857 attached
[pid 2691856] execve("/home/x/i/rust-sel4/hacking/vscode/cargo-wrapper/cargo", ["/home/x/i/rust-sel4/hacking/vsco"..., "metadata", "--format-version", "1", "--no-deps", "--manifest-path", "/home/x/.rustup/toolchains/night"..., "--filter-platform", "x86_64-unknown-linux-gnu"], 0x7fbb10006670 /* 112 vars */) = 0
strace: Process 2691858 attached
strace: Process 2691859 attached
strace: Process 2691860 attached
[pid 2691852] execve("/home/x/.cargo/bin/bash", ["bash", "/home/x/i/rust-sel4/hacking/vsco"..., "rustc", "-Z", "unstable-options", "--print", "cfg", "--target", "x86_64-unknown-linux-gnu", "--", "-O"], 0x7ffdcb2e9450 /* 112 vars */ <unfinished ...>
[pid 2691853] execve("/home/x/.cargo/bin/bash", ["bash", "/home/x/i/rust-sel4/hacking/vsco"..., "rustc", "-Z", "unstable-options", "--print", "target-spec-json", "--target", "x86_64-unknown-linux-gnu", "--", "-Z", "unstable-options"], 0x7fffe7778878 /* 112 vars */ <unfinished ...>
[pid 2691852] <... execve resumed>)     = -1 ENOENT (No such file or directory)
[pid 2691853] <... execve resumed>)     = -1 ENOENT (No such file or directory)
[pid 2691852] execve("/home/x/i/rust-sel4/hacking/vscode/cargo-wrapper/bash", ["bash", "/home/x/i/rust-sel4/hacking/vsco"..., "rustc", "-Z", "unstable-options", "--print", "cfg", "--target", "x86_64-unknown-linux-gnu", "--", "-O"], 0x7ffdcb2e9450 /* 112 vars */ <unfinished ...>
[pid 2691853] execve("/home/x/i/rust-sel4/hacking/vscode/cargo-wrapper/bash", ["bash", "/home/x/i/rust-sel4/hacking/vsco"..., "rustc", "-Z", "unstable-options", "--print", "target-spec-json", "--target", "x86_64-unknown-linux-gnu", "--", "-Z", "unstable-options"], 0x7fffe7778878 /* 112 vars */ <unfinished ...>
[pid 2691852] <... execve resumed>)     = -1 ENOENT (No such file or directory)
[pid 2691853] <... execve resumed>)     = -1 ENOENT (No such file or directory)
[pid 2691852] execve("/nix/store/cjsr67wb763pwjmwimkqjcgkw2pw0cx1-glib-2.86.3-bin/bin/bash", ["bash", "/home/x/i/rust-sel4/hacking/vsco"..., "rustc", "-Z", "unstable-options", "--print", "cfg", "--target", "x86_64-unknown-linux-gnu", "--", "-O"], 0x7ffdcb2e9450 /* 112 vars */ <unfinished ...>
[pid 2691853] execve("/nix/store/cjsr67wb763pwjmwimkqjcgkw2pw0cx1-glib-2.86.3-bin/bin/bash", ["bash", "/home/x/i/rust-sel4/hacking/vsco"..., "rustc", "-Z", "unstable-options", "--print", "target-spec-json", "--target", "x86_64-unknown-linux-gnu", "--", "-Z", "unstable-options"], 0x7fffe7778878 /* 112 vars */ <unfinished ...>
[pid 2691852] <... execve resumed>)     = -1 ENOENT (No such file or directory)
[pid 2691853] <... execve resumed>)     = -1 ENOENT (No such file or directory)
[pid 2691852] execve("/nix/store/d4c56s8wa6rz2dnw6ridg7r1dvax1gky-gnugrep-3.12/bin/bash", ["bash", "/home/x/i/rust-sel4/hacking/vsco"..., "rustc", "-Z", "unstable-options", "--print", "cfg", "--target", "x86_64-unknown-linux-gnu", "--", "-O"], 0x7ffdcb2e9450 /* 112 vars */ <unfinished ...>
[pid 2691853] execve("/nix/store/d4c56s8wa6rz2dnw6ridg7r1dvax1gky-gnugrep-3.12/bin/bash", ["bash", "/home/x/i/rust-sel4/hacking/vsco"..., "rustc", "-Z", "unstable-options", "--print", "target-spec-json", "--target", "x86_64-unknown-linux-gnu", "--", "-Z", "unstable-options"], 0x7fffe7778878 /* 112 vars */ <unfinished ...>
[pid 2691852] <... execve resumed>)     = -1 ENOENT (No such file or directory)
[pid 2691853] <... execve resumed>)     = -1 ENOENT (No such file or directory)
[pid 2691852] execve("/nix/store/wkkwxc04gdw6b263l1h29pjarjnjdyb6-coreutils-9.8/bin/bash", ["bash", "/home/x/i/rust-sel4/hacking/vsco"..., "rustc", "-Z", "unstable-options", "--print", "cfg", "--target", "x86_64-unknown-linux-gnu", "--", "-O"], 0x7ffdcb2e9450 /* 112 vars */ <unfinished ...>
[pid 2691853] execve("/nix/store/wkkwxc04gdw6b263l1h29pjarjnjdyb6-coreutils-9.8/bin/bash", ["bash", "/home/x/i/rust-sel4/hacking/vsco"..., "rustc", "-Z", "unstable-options", "--print", "target-spec-json", "--target", "x86_64-unknown-linux-gnu", "--", "-Z", "unstable-options"], 0x7fffe7778878 /* 112 vars */ <unfinished ...>
[pid 2691852] <... execve resumed>)     = -1 ENOENT (No such file or directory)
[pid 2691853] <... execve resumed>)     = -1 ENOENT (No such file or directory)
[pid 2691852] execve("/home/x/i/icecap/hack/nix/result/bin/bash", ["bash", "/home/x/i/rust-sel4/hacking/vsco"..., "rustc", "-Z", "unstable-options", "--print", "cfg", "--target", "x86_64-unknown-linux-gnu", "--", "-O"], 0x7ffdcb2e9450 /* 112 vars */ <unfinished ...>
[pid 2691853] execve("/home/x/i/icecap/hack/nix/result/bin/bash", ["bash", "/home/x/i/rust-sel4/hacking/vsco"..., "rustc", "-Z", "unstable-options", "--print", "target-spec-json", "--target", "x86_64-unknown-linux-gnu", "--", "-Z", "unstable-options"], 0x7fffe7778878 /* 112 vars */ <unfinished ...>
[pid 2691852] <... execve resumed>)     = -1 ENOENT (No such file or directory)
[pid 2691853] <... execve resumed>)     = -1 ENOENT (No such file or directory)
[pid 2691852] execve("/run/wrappers/bin/bash", ["bash", "/home/x/i/rust-sel4/hacking/vsco"..., "rustc", "-Z", "unstable-options", "--print", "cfg", "--target", "x86_64-unknown-linux-gnu", "--", "-O"], 0x7ffdcb2e9450 /* 112 vars */ <unfinished ...>
[pid 2691853] execve("/run/wrappers/bin/bash", ["bash", "/home/x/i/rust-sel4/hacking/vsco"..., "rustc", "-Z", "unstable-options", "--print", "target-spec-json", "--target", "x86_64-unknown-linux-gnu", "--", "-Z", "unstable-options"], 0x7fffe7778878 /* 112 vars */ <unfinished ...>
[pid 2691852] <... execve resumed>)     = -1 ENOENT (No such file or directory)
[pid 2691853] <... execve resumed>)     = -1 ENOENT (No such file or directory)
[pid 2691852] execve("/home/x/.nix-profile/bin/bash", ["bash", "/home/x/i/rust-sel4/hacking/vsco"..., "rustc", "-Z", "unstable-options", "--print", "cfg", "--target", "x86_64-unknown-linux-gnu", "--", "-O"], 0x7ffdcb2e9450 /* 112 vars */ <unfinished ...>
[pid 2691853] execve("/home/x/.nix-profile/bin/bash", ["bash", "/home/x/i/rust-sel4/hacking/vsco"..., "rustc", "-Z", "unstable-options", "--print", "target-spec-json", "--target", "x86_64-unknown-linux-gnu", "--", "-Z", "unstable-options"], 0x7fffe7778878 /* 112 vars */ <unfinished ...>
[pid 2691855] execve("/home/x/.cargo/bin/bash", ["bash", "/home/x/i/rust-sel4/hacking/vsco"..., "metadata", "--format-version", "1", "--no-deps", "--manifest-path", "/home/x/.rustup/toolchains/night"..., "--filter-platform", "x86_64-unknown-linux-gnu"], 0x7ffd3ae0bf08 /* 111 vars */ <unfinished ...>
[pid 2691854] execve("/home/x/.cargo/bin/bash", ["bash", "/home/x/i/rust-sel4/hacking/vsco"..., "metadata", "--format-version", "1", "--manifest-path", "/home/x/i/rust-sel4/Cargo.toml", "--filter-platform", "x86_64-unknown-linux-gnu", "-Zlockfile-path", "-Zunstable-options"], 0x7ffd383b74c0 /* 113 vars */ <unfinished ...>
[pid 2691855] <... execve resumed>)     = -1 ENOENT (No such file or directory)
[pid 2691854] <... execve resumed>)     = -1 ENOENT (No such file or directory)
[pid 2691855] execve("/home/x/i/rust-sel4/hacking/vscode/cargo-wrapper/bash", ["bash", "/home/x/i/rust-sel4/hacking/vsco"..., "metadata", "--format-version", "1", "--no-deps", "--manifest-path", "/home/x/.rustup/toolchains/night"..., "--filter-platform", "x86_64-unknown-linux-gnu"], 0x7ffd3ae0bf08 /* 111 vars */ <unfinished ...>
[pid 2691854] execve("/home/x/i/rust-sel4/hacking/vscode/cargo-wrapper/bash", ["bash", "/home/x/i/rust-sel4/hacking/vsco"..., "metadata", "--format-version", "1", "--manifest-path", "/home/x/i/rust-sel4/Cargo.toml", "--filter-platform", "x86_64-unknown-linux-gnu", "-Zlockfile-path", "-Zunstable-options"], 0x7ffd383b74c0 /* 113 vars */ <unfinished ...>
[pid 2691855] <... execve resumed>)     = -1 ENOENT (No such file or directory)
[pid 2691854] <... execve resumed>)     = -1 ENOENT (No such file or directory)
[pid 2691855] execve("/nix/store/cjsr67wb763pwjmwimkqjcgkw2pw0cx1-glib-2.86.3-bin/bin/bash", ["bash", "/home/x/i/rust-sel4/hacking/vsco"..., "metadata", "--format-version", "1", "--no-deps", "--manifest-path", "/home/x/.rustup/toolchains/night"..., "--filter-platform", "x86_64-unknown-linux-gnu"], 0x7ffd3ae0bf08 /* 111 vars */) = -1 ENOENT (No such file or directory)
[pid 2691854] execve("/nix/store/cjsr67wb763pwjmwimkqjcgkw2pw0cx1-glib-2.86.3-bin/bin/bash", ["bash", "/home/x/i/rust-sel4/hacking/vsco"..., "metadata", "--format-version", "1", "--manifest-path", "/home/x/i/rust-sel4/Cargo.toml", "--filter-platform", "x86_64-unknown-linux-gnu", "-Zlockfile-path", "-Zunstable-options"], 0x7ffd383b74c0 /* 113 vars */ <unfinished ...>
[pid 2691855] execve("/nix/store/d4c56s8wa6rz2dnw6ridg7r1dvax1gky-gnugrep-3.12/bin/bash", ["bash", "/home/x/i/rust-sel4/hacking/vsco"..., "metadata", "--format-version", "1", "--no-deps", "--manifest-path", "/home/x/.rustup/toolchains/night"..., "--filter-platform", "x86_64-unknown-linux-gnu"], 0x7ffd3ae0bf08 /* 111 vars */ <unfinished ...>
[pid 2691854] <... execve resumed>)     = -1 ENOENT (No such file or directory)
[pid 2691855] <... execve resumed>)     = -1 ENOENT (No such file or directory)
[pid 2691854] execve("/nix/store/d4c56s8wa6rz2dnw6ridg7r1dvax1gky-gnugrep-3.12/bin/bash", ["bash", "/home/x/i/rust-sel4/hacking/vsco"..., "metadata", "--format-version", "1", "--manifest-path", "/home/x/i/rust-sel4/Cargo.toml", "--filter-platform", "x86_64-unknown-linux-gnu", "-Zlockfile-path", "-Zunstable-options"], 0x7ffd383b74c0 /* 113 vars */ <unfinished ...>
[pid 2691852] <... execve resumed>)     = 0
[pid 2691853] <... execve resumed>)     = 0
[pid 2691855] execve("/nix/store/wkkwxc04gdw6b263l1h29pjarjnjdyb6-coreutils-9.8/bin/bash", ["bash", "/home/x/i/rust-sel4/hacking/vsco"..., "metadata", "--format-version", "1", "--no-deps", "--manifest-path", "/home/x/.rustup/toolchains/night"..., "--filter-platform", "x86_64-unknown-linux-gnu"], 0x7ffd3ae0bf08 /* 111 vars */ <unfinished ...>
[pid 2691854] <... execve resumed>)     = -1 ENOENT (No such file or directory)
[pid 2691855] <... execve resumed>)     = -1 ENOENT (No such file or directory)
[pid 2691854] execve("/nix/store/wkkwxc04gdw6b263l1h29pjarjnjdyb6-coreutils-9.8/bin/bash", ["bash", "/home/x/i/rust-sel4/hacking/vsco"..., "metadata", "--format-version", "1", "--manifest-path", "/home/x/i/rust-sel4/Cargo.toml", "--filter-platform", "x86_64-unknown-linux-gnu", "-Zlockfile-path", "-Zunstable-options"], 0x7ffd383b74c0 /* 113 vars */ <unfinished ...>
[pid 2691855] execve("/home/x/i/icecap/hack/nix/result/bin/bash", ["bash", "/home/x/i/rust-sel4/hacking/vsco"..., "metadata", "--format-version", "1", "--no-deps", "--manifest-path", "/home/x/.rustup/toolchains/night"..., "--filter-platform", "x86_64-unknown-linux-gnu"], 0x7ffd3ae0bf08 /* 111 vars */ <unfinished ...>
[pid 2691854] <... execve resumed>)     = -1 ENOENT (No such file or directory)
[pid 2691855] <... execve resumed>)     = -1 ENOENT (No such file or directory)
[pid 2691854] execve("/home/x/i/icecap/hack/nix/result/bin/bash", ["bash", "/home/x/i/rust-sel4/hacking/vsco"..., "metadata", "--format-version", "1", "--manifest-path", "/home/x/i/rust-sel4/Cargo.toml", "--filter-platform", "x86_64-unknown-linux-gnu", "-Zlockfile-path", "-Zunstable-options"], 0x7ffd383b74c0 /* 113 vars */ <unfinished ...>
[pid 2691855] execve("/run/wrappers/bin/bash", ["bash", "/home/x/i/rust-sel4/hacking/vsco"..., "metadata", "--format-version", "1", "--no-deps", "--manifest-path", "/home/x/.rustup/toolchains/night"..., "--filter-platform", "x86_64-unknown-linux-gnu"], 0x7ffd3ae0bf08 /* 111 vars */ <unfinished ...>
[pid 2691854] <... execve resumed>)     = -1 ENOENT (No such file or directory)
[pid 2691855] <... execve resumed>)     = -1 ENOENT (No such file or directory)
[pid 2691854] execve("/run/wrappers/bin/bash", ["bash", "/home/x/i/rust-sel4/hacking/vsco"..., "metadata", "--format-version", "1", "--manifest-path", "/home/x/i/rust-sel4/Cargo.toml", "--filter-platform", "x86_64-unknown-linux-gnu", "-Zlockfile-path", "-Zunstable-options"], 0x7ffd383b74c0 /* 113 vars */ <unfinished ...>
[pid 2691855] execve("/home/x/.nix-profile/bin/bash", ["bash", "/home/x/i/rust-sel4/hacking/vsco"..., "metadata", "--format-version", "1", "--no-deps", "--manifest-path", "/home/x/.rustup/toolchains/night"..., "--filter-platform", "x86_64-unknown-linux-gnu"], 0x7ffd3ae0bf08 /* 111 vars */ <unfinished ...>
[pid 2691854] <... execve resumed>)     = -1 ENOENT (No such file or directory)
[pid 2691854] execve("/home/x/.nix-profile/bin/bash", ["bash", "/home/x/i/rust-sel4/hacking/vsco"..., "metadata", "--format-version", "1", "--manifest-path", "/home/x/i/rust-sel4/Cargo.toml", "--filter-platform", "x86_64-unknown-linux-gnu", "-Zlockfile-path", "-Zunstable-options"], 0x7ffd383b74c0 /* 113 vars */ <unfinished ...>
[pid 2691855] <... execve resumed>)     = 0
[pid 2691856] execve("/home/x/.cargo/bin/bash", ["bash", "/home/x/i/rust-sel4/hacking/vsco"..., "metadata", "--format-version", "1", "--no-deps", "--manifest-path", "/home/x/.rustup/toolchains/night"..., "--filter-platform", "x86_64-unknown-linux-gnu"], 0x7fff3f025dc8 /* 112 vars */) = -1 ENOENT (No such file or directory)
[pid 2691856] execve("/home/x/i/rust-sel4/hacking/vscode/cargo-wrapper/bash", ["bash", "/home/x/i/rust-sel4/hacking/vsco"..., "metadata", "--format-version", "1", "--no-deps", "--manifest-path", "/home/x/.rustup/toolchains/night"..., "--filter-platform", "x86_64-unknown-linux-gnu"], 0x7fff3f025dc8 /* 112 vars */ <unfinished ...>
[pid 2691854] <... execve resumed>)     = 0
[pid 2691856] <... execve resumed>)     = -1 ENOENT (No such file or directory)
[pid 2691856] execve("/nix/store/cjsr67wb763pwjmwimkqjcgkw2pw0cx1-glib-2.86.3-bin/bin/bash", ["bash", "/home/x/i/rust-sel4/hacking/vsco"..., "metadata", "--format-version", "1", "--no-deps", "--manifest-path", "/home/x/.rustup/toolchains/night"..., "--filter-platform", "x86_64-unknown-linux-gnu"], 0x7fff3f025dc8 /* 112 vars */) = -1 ENOENT (No such file or directory)
[pid 2691856] execve("/nix/store/d4c56s8wa6rz2dnw6ridg7r1dvax1gky-gnugrep-3.12/bin/bash", ["bash", "/home/x/i/rust-sel4/hacking/vsco"..., "metadata", "--format-version", "1", "--no-deps", "--manifest-path", "/home/x/.rustup/toolchains/night"..., "--filter-platform", "x86_64-unknown-linux-gnu"], 0x7fff3f025dc8 /* 112 vars */) = -1 ENOENT (No such file or directory)
[pid 2691856] execve("/nix/store/wkkwxc04gdw6b263l1h29pjarjnjdyb6-coreutils-9.8/bin/bash", ["bash", "/home/x/i/rust-sel4/hacking/vsco"..., "metadata", "--format-version", "1", "--no-deps", "--manifest-path", "/home/x/.rustup/toolchains/night"..., "--filter-platform", "x86_64-unknown-linux-gnu"], 0x7fff3f025dc8 /* 112 vars */) = -1 ENOENT (No such file or directory)
[pid 2691856] execve("/home/x/i/icecap/hack/nix/result/bin/bash", ["bash", "/home/x/i/rust-sel4/hacking/vsco"..., "metadata", "--format-version", "1", "--no-deps", "--manifest-path", "/home/x/.rustup/toolchains/night"..., "--filter-platform", "x86_64-unknown-linux-gnu"], 0x7fff3f025dc8 /* 112 vars */) = -1 ENOENT (No such file or directory)
[pid 2691856] execve("/run/wrappers/bin/bash", ["bash", "/home/x/i/rust-sel4/hacking/vsco"..., "metadata", "--format-version", "1", "--no-deps", "--manifest-path", "/home/x/.rustup/toolchains/night"..., "--filter-platform", "x86_64-unknown-linux-gnu"], 0x7fff3f025dc8 /* 112 vars */) = -1 ENOENT (No such file or directory)
[pid 2691856] execve("/home/x/.nix-profile/bin/bash", ["bash", "/home/x/i/rust-sel4/hacking/vsco"..., "metadata", "--format-version", "1", "--no-deps", "--manifest-path", "/home/x/.rustup/toolchains/night"..., "--filter-platform", "x86_64-unknown-linux-gnu"], 0x7fff3f025dc8 /* 112 vars */) = 0
strace: Process 2691861 attached
strace: Process 2691862 attached
strace: Process 2691863 attached
strace: Process 2691864 attached
strace: Process 2691865 attached
[pid 2691861] execve("/nix/store/wkkwxc04gdw6b263l1h29pjarjnjdyb6-coreutils-9.8/bin/dirname", ["dirname", "/home/x/i/rust-sel4/hacking/vsco"...], 0x563ea5938760 /* 113 vars */ <unfinished ...>
[pid 2691862] execve("/nix/store/wkkwxc04gdw6b263l1h29pjarjnjdyb6-coreutils-9.8/bin/dirname", ["dirname", "/home/x/i/rust-sel4/hacking/vsco"...], 0x55f48d3536e0 /* 113 vars */ <unfinished ...>
[pid 2691861] <... execve resumed>)     = 0
[pid 2691862] <... execve resumed>)     = 0
[pid 2691863] execve("/nix/store/wkkwxc04gdw6b263l1h29pjarjnjdyb6-coreutils-9.8/bin/dirname", ["dirname", "/home/x/i/rust-sel4/hacking/vsco"...], 0x559ad17942f0 /* 112 vars */ <unfinished ...>
[pid 2691864] execve("/nix/store/wkkwxc04gdw6b263l1h29pjarjnjdyb6-coreutils-9.8/bin/dirname", ["dirname", "/home/x/i/rust-sel4/hacking/vsco"...], 0x55898aa9e590 /* 114 vars */ <unfinished ...>
[pid 2691863] <... execve resumed>)     = 0
[pid 2691864] <... execve resumed>)     = 0
[pid 2691865] execve("/nix/store/wkkwxc04gdw6b263l1h29pjarjnjdyb6-coreutils-9.8/bin/dirname", ["dirname", "/home/x/i/rust-sel4/hacking/vsco"...], 0x55f5f9c5d8a0 /* 113 vars */) = 0
[pid 2691861] +++ exited with 0 +++
[pid 2691862] +++ exited with 0 +++
[pid 2691863] +++ exited with 0 +++
[pid 2691852] --- SIGCHLD {si_signo=SIGCHLD, si_code=CLD_EXITED, si_pid=2691861, si_uid=1000, si_status=0, si_utime=0, si_stime=0} ---
[pid 2691853] --- SIGCHLD {si_signo=SIGCHLD, si_code=CLD_EXITED, si_pid=2691862, si_uid=1000, si_status=0, si_utime=0, si_stime=0} ---
[pid 2691864] +++ exited with 0 +++
[pid 2691855] --- SIGCHLD {si_signo=SIGCHLD, si_code=CLD_EXITED, si_pid=2691863, si_uid=1000, si_status=0, si_utime=0, si_stime=0} ---
[pid 2691854] --- SIGCHLD {si_signo=SIGCHLD, si_code=CLD_EXITED, si_pid=2691864, si_uid=1000, si_status=0, si_utime=0, si_stime=0} ---
[pid 2691865] +++ exited with 0 +++
strace: Process 2691866 attached
[pid 2691856] --- SIGCHLD {si_signo=SIGCHLD, si_code=CLD_EXITED, si_pid=2691865, si_uid=1000, si_status=0, si_utime=0, si_stime=0} ---
strace: Process 2691867 attached
strace: Process 2691868 attached
strace: Process 2691869 attached
strace: Process 2691870 attached
[pid 2691867] +++ exited with 0 +++
[pid 2691866] +++ exited with 0 +++
[pid 2691853] --- SIGCHLD {si_signo=SIGCHLD, si_code=CLD_EXITED, si_pid=2691867, si_uid=1000, si_status=0, si_utime=0, si_stime=0} ---
[pid 2691852] --- SIGCHLD {si_signo=SIGCHLD, si_code=CLD_EXITED, si_pid=2691866, si_uid=1000, si_status=0, si_utime=0, si_stime=0} ---
[pid 2691868] +++ exited with 0 +++
[pid 2691855] --- SIGCHLD {si_signo=SIGCHLD, si_code=CLD_EXITED, si_pid=2691868, si_uid=1000, si_status=0, si_utime=0, si_stime=0} ---
[pid 2691869] +++ exited with 0 +++
[pid 2691854] --- SIGCHLD {si_signo=SIGCHLD, si_code=CLD_EXITED, si_pid=2691869, si_uid=1000, si_status=0, si_utime=0, si_stime=0} ---
[pid 2691870] +++ exited with 0 +++
[pid 2691856] --- SIGCHLD {si_signo=SIGCHLD, si_code=CLD_EXITED, si_pid=2691870, si_uid=1000, si_status=0, si_utime=0, si_stime=0} ---
[pid 2691852] execve("/run/current-system/sw/bin/cargo", ["/run/current-system/sw/bin/cargo", "rustc", "-Z", "unstable-options", "--print", "cfg", "--target", "x86_64-unknown-linux-gnu", "--", "-O"], 0x563ea5938760 /* 112 vars */ <unfinished ...>
[pid 2691853] execve("/run/current-system/sw/bin/cargo", ["/run/current-system/sw/bin/cargo", "rustc", "-Z", "unstable-options", "--print", "target-spec-json", "--target", "x86_64-unknown-linux-gnu", "--", "-Z", "unstable-options"], 0x55f48d3536e0 /* 112 vars */ <unfinished ...>
[pid 2691855] execve("/run/current-system/sw/bin/cargo", ["/run/current-system/sw/bin/cargo", "metadata", "--format-version", "1", "--no-deps", "--manifest-path", "/home/x/.rustup/toolchains/night"..., "--filter-platform", "x86_64-unknown-linux-gnu"], 0x559ad17985d0 /* 111 vars */ <unfinished ...>
[pid 2691854] execve("/run/current-system/sw/bin/cargo", ["/run/current-system/sw/bin/cargo", "metadata", "--format-version", "1", "--manifest-path", "/home/x/i/rust-sel4/Cargo.toml", "--filter-platform", "x86_64-unknown-linux-gnu", "-Zlockfile-path", "-Zunstable-options"], 0x55898aa9fe50 /* 113 vars */ <unfinished ...>
[pid 2691853] <... execve resumed>)     = 0
[pid 2691852] <... execve resumed>)     = 0
[pid 2691855] <... execve resumed>)     = 0
[pid 2691854] <... execve resumed>)     = 0
[pid 2691856] execve("/run/current-system/sw/bin/cargo", ["/run/current-system/sw/bin/cargo", "metadata", "--format-version", "1", "--no-deps", "--manifest-path", "/home/x/.rustup/toolchains/night"..., "--filter-platform", "x86_64-unknown-linux-gnu"], 0x55f5f9c5d8a0 /* 112 vars */) = 0
[pid 2691853] execve("/nix/store/zw0f1k78j4cdqi8l07nnyhm4rywbr8gr-rustup-1.28.2/bin/.rustup-wrapped", ["/run/current-system/sw/bin/cargo", "rustc", "-Z", "unstable-options", "--print", "target-spec-json", "--target", "x86_64-unknown-linux-gnu", "--", "-Z", "unstable-options"], 0x7ffc00f3a1e8 /* 112 vars */ <unfinished ...>
[pid 2691852] execve("/nix/store/zw0f1k78j4cdqi8l07nnyhm4rywbr8gr-rustup-1.28.2/bin/.rustup-wrapped", ["/run/current-system/sw/bin/cargo", "rustc", "-Z", "unstable-options", "--print", "cfg", "--target", "x86_64-unknown-linux-gnu", "--", "-O"], 0x7ffee7b80a80 /* 112 vars */ <unfinished ...>
[pid 2691855] execve("/nix/store/zw0f1k78j4cdqi8l07nnyhm4rywbr8gr-rustup-1.28.2/bin/.rustup-wrapped", ["/run/current-system/sw/bin/cargo", "metadata", "--format-version", "1", "--no-deps", "--manifest-path", "/home/x/.rustup/toolchains/night"..., "--filter-platform", "x86_64-unknown-linux-gnu"], 0x7fffb008fd88 /* 111 vars */ <unfinished ...>
[pid 2691853] <... execve resumed>)     = 0
[pid 2691852] <... execve resumed>)     = 0
[pid 2691855] <... execve resumed>)     = 0
[pid 2691854] execve("/nix/store/zw0f1k78j4cdqi8l07nnyhm4rywbr8gr-rustup-1.28.2/bin/.rustup-wrapped", ["/run/current-system/sw/bin/cargo", "metadata", "--format-version", "1", "--manifest-path", "/home/x/i/rust-sel4/Cargo.toml", "--filter-platform", "x86_64-unknown-linux-gnu", "-Zlockfile-path", "-Zunstable-options"], 0x7fff33964c40 /* 113 vars */) = 0
[pid 2691856] execve("/nix/store/zw0f1k78j4cdqi8l07nnyhm4rywbr8gr-rustup-1.28.2/bin/.rustup-wrapped", ["/run/current-system/sw/bin/cargo", "metadata", "--format-version", "1", "--no-deps", "--manifest-path", "/home/x/.rustup/toolchains/night"..., "--filter-platform", "x86_64-unknown-linux-gnu"], 0x7fffac71c028 /* 112 vars */) = 0
[pid 2691822] +++ exited with 0 +++
[pid 2691442] --- SIGCHLD {si_signo=SIGCHLD, si_code=CLD_EXITED, si_pid=2691822, si_uid=1000, si_status=0, si_utime=0, si_stime=1 /* 0.01 s */} ---
strace: Process 2691871 attached
strace: Process 2691872 attached
strace: Process 2691873 attached
strace: Process 2691874 attached
strace: Process 2691875 attached
strace: Process 2691876 attached
strace: Process 2691877 attached
strace: Process 2691878 attached
strace: Process 2691879 attached
strace: Process 2691880 attached
strace: Process 2691881 attached
strace: Process 2691882 attached
strace: Process 2691883 attached
strace: Process 2691884 attached
strace: Process 2691886 attached
strace: Process 2691885 attached
strace: Process 2691887 attached
strace: Process 2691888 attached
strace: Process 2691889 attached
strace: Process 2691891 attached
strace: Process 2691890 attached
strace: Process 2691892 attached
strace: Process 2691894 attached
strace: Process 2691893 attached
strace: Process 2691895 attached
strace: Process 2691896 attached
strace: Process 2691897 attached
strace: Process 2691898 attached
strace: Process 2691899 attached
strace: Process 2691901 attached
strace: Process 2691900 attached
strace: Process 2691903 attached
strace: Process 2691904 attached
strace: Process 2691902 attached
strace: Process 2691906 attached
strace: Process 2691905 attached
strace: Process 2691907 attached
strace: Process 2691908 attached
strace: Process 2691909 attached
strace: Process 2691910 attached
strace: Process 2691911 attached
strace: Process 2691912 attached
strace: Process 2691913 attached
strace: Process 2691914 attached
strace: Process 2691915 attached
strace: Process 2691916 attached
strace: Process 2691917 attached
strace: Process 2691919 attached
strace: Process 2691918 attached
strace: Process 2691920 attached
strace: Process 2691921 attached
strace: Process 2691923 attached
strace: Process 2691922 attached
strace: Process 2691924 attached
strace: Process 2691925 attached
strace: Process 2691926 attached
strace: Process 2691927 attached
strace: Process 2691928 attached
strace: Process 2691929 attached
strace: Process 2691930 attached
strace: Process 2691931 attached
strace: Process 2691932 attached
strace: Process 2691933 attached
strace: Process 2691934 attached
strace: Process 2691935 attached
strace: Process 2691936 attached
strace: Process 2691938 attached
strace: Process 2691937 attached
strace: Process 2691939 attached
strace: Process 2691940 attached
strace: Process 2691941 attached
strace: Process 2691942 attached
strace: Process 2691943 attached
strace: Process 2691944 attached
strace: Process 2691945 attached
strace: Process 2691946 attached
strace: Process 2691947 attached
strace: Process 2691948 attached
strace: Process 2691949 attached
strace: Process 2691950 attached
strace: Process 2691951 attached
strace: Process 2691954 attached
strace: Process 2691953 attached
strace: Process 2691952 attached
strace: Process 2691956 attached
strace: Process 2691955 attached
strace: Process 2691959 attached
strace: Process 2691957 attached
strace: Process 2691958 attached
strace: Process 2691961 attached
strace: Process 2691960 attached
strace: Process 2691962 attached
strace: Process 2691964 attached
strace: Process 2691963 attached
strace: Process 2691965 attached
strace: Process 2691966 attached
strace: Process 2691968 attached
strace: Process 2691969 attached
strace: Process 2691967 attached
strace: Process 2691971 attached
strace: Process 2691970 attached
strace: Process 2691972 attached
strace: Process 2691973 attached
strace: Process 2691974 attached
strace: Process 2691975 attached
strace: Process 2691976 attached
strace: Process 2691978 attached
strace: Process 2691977 attached
strace: Process 2691979 attached
strace: Process 2691981 attached
strace: Process 2691980 attached
strace: Process 2691982 attached
strace: Process 2691984 attached
strace: Process 2691983 attached
strace: Process 2691985 attached
strace: Process 2691987 attached
strace: Process 2691986 attached
strace: Process 2691988 attached
strace: Process 2691989 attached
strace: Process 2691990 attached
[pid 2691855] execve("/home/x/.rustup/toolchains/nightly-2026-04-04-x86_64-unknown-linux-gnu/bin/cargo", ["/home/x/.rustup/toolchains/night"..., "metadata", "--format-version", "1", "--no-deps", "--manifest-path", "/home/x/.rustup/toolchains/night"..., "--filter-platform", "x86_64-unknown-linux-gnu"], 0x5637f6ed2ff0 /* 111 vars */ <unfinished ...>
[pid 2691856] execve("/home/x/.rustup/toolchains/nightly-2026-04-04-x86_64-unknown-linux-gnu/bin/cargo", ["/home/x/.rustup/toolchains/night"..., "metadata", "--format-version", "1", "--no-deps", "--manifest-path", "/home/x/.rustup/toolchains/night"..., "--filter-platform", "x86_64-unknown-linux-gnu"], 0x558372ff3450 /* 112 vars */ <unfinished ...>
[pid 2691981] +++ exited with 0 +++
[pid 2691980] +++ exited with 0 +++
[pid 2691976] +++ exited with 0 +++
[pid 2691975] +++ exited with 0 +++
[pid 2691971] +++ exited with 0 +++
[pid 2691970] +++ exited with 0 +++
[pid 2691966] +++ exited with 0 +++
[pid 2691961] +++ exited with 0 +++
[pid 2691960] +++ exited with 0 +++
[pid 2691955] +++ exited with 0 +++
[pid 2691956] +++ exited with 0 +++
[pid 2691951] +++ exited with 0 +++
[pid 2691946] +++ exited with 0 +++
