[pid 2692779] execve("/nix/store/wkkwxc04gdw6b263l1h29pjarjnjdyb6-coreutils-9.8/bin/dirname", ["dirname", "/home/x/i/rust-sel4/hacking/vsco"...], 0x557cee7b42f0 /* 112 vars */) = 0
[pid 2692779] +++ exited with 0 +++
[pid 2692778] --- SIGCHLD {si_signo=SIGCHLD, si_code=CLD_EXITED, si_pid=2692779, si_uid=1000, si_status=0, si_utime=0, si_stime=0} ---
strace: Process 2692780 attached
[pid 2692780] +++ exited with 0 +++
[pid 2692778] --- SIGCHLD {si_signo=SIGCHLD, si_code=CLD_EXITED, si_pid=2692780, si_uid=1000, si_status=0, si_utime=0, si_stime=0} ---
[pid 2692778] execve("/run/current-system/sw/bin/cargo", ["/run/current-system/sw/bin/cargo", "--version"], 0x557cee7b85d0 /* 111 vars */) = 0
[pid 2692778] execve("/nix/store/zw0f1k78j4cdqi8l07nnyhm4rywbr8gr-rustup-1.28.2/bin/.rustup-wrapped", ["/run/current-system/sw/bin/cargo", "--version"], 0x7ffce5d62fc0 /* 111 vars */) = 0
strace: Process 2692781 attached
strace: Process 2692782 attached
strace: Process 2692783 attached
strace: Process 2692784 attached
strace: Process 2692785 attached
strace: Process 2692786 attached
strace: Process 2692787 attached
strace: Process 2692788 attached
strace: Process 2692789 attached
strace: Process 2692790 attached
strace: Process 2692791 attached
strace: Process 2692792 attached
strace: Process 2692793 attached
strace: Process 2692794 attached
strace: Process 2692795 attached
strace: Process 2692796 attached
strace: Process 2692797 attached
strace: Process 2692798 attached
strace: Process 2692799 attached
strace: Process 2692800 attached
strace: Process 2692801 attached
strace: Process 2692802 attached
strace: Process 2692803 attached
strace: Process 2692804 attached
[pid 2692778] execve("/home/x/.rustup/toolchains/nightly-2026-04-04-x86_64-unknown-linux-gnu/bin/cargo", ["/home/x/.rustup/toolchains/night"..., "--version"], 0x55c1ed2d71c0 /* 111 vars */ <unfinished ...>
[pid 2692804] +++ exited with 0 +++
[pid 2692803] +++ exited with 0 +++
[pid 2692802] +++ exited with 0 +++
[pid 2692801] +++ exited with 0 +++
[pid 2692800] +++ exited with 0 +++
[pid 2692799] +++ exited with 0 +++
[pid 2692798] +++ exited with 0 +++
[pid 2692797] +++ exited with 0 +++
[pid 2692796] +++ exited with 0 +++
[pid 2692795] +++ exited with 0 +++
[pid 2692794] +++ exited with 0 +++
[pid 2692793] +++ exited with 0 +++
[pid 2692792] +++ exited with 0 +++
[pid 2692791] +++ exited with 0 +++
[pid 2692790] +++ exited with 0 +++
[pid 2692789] +++ exited with 0 +++
[pid 2692788] +++ exited with 0 +++
[pid 2692787] +++ exited with 0 +++
[pid 2692786] +++ exited with 0 +++
[pid 2692785] +++ exited with 0 +++
[pid 2692784] +++ exited with 0 +++
[pid 2692783] +++ exited with 0 +++
[pid 2692782] +++ exited with 0 +++
[pid 2692781] +++ exited with 0 +++
[pid 2692778] <... execve resumed>)     = 0
[pid 2692778] +++ exited with 0 +++
[pid 2691634] --- SIGCHLD {si_signo=SIGCHLD, si_code=CLD_EXITED, si_pid=2692778, si_uid=1000, si_status=0, si_utime=0, si_stime=1 /* 0.01 s */} ---
strace: Process 2692805 attached
[pid 2692805] execve("/home/x/i/rust-sel4/hacking/vscode/cargo-wrapper/cargo", ["/home/x/i/rust-sel4/hacking/vsco"..., "metadata", "--format-version", "1", "--no-deps", "--manifest-path", "/home/x/i/rust-sel4/Cargo.toml", "--filter-platform", "x86_64-unknown-linux-gnu"], 0x7fbb58006e80 /* 111 vars */) = 0
[pid 2692805] execve("/home/x/.cargo/bin/bash", ["bash", "/home/x/i/rust-sel4/hacking/vsco"..., "metadata", "--format-version", "1", "--no-deps", "--manifest-path", "/home/x/i/rust-sel4/Cargo.toml", "--filter-platform", "x86_64-unknown-linux-gnu"], 0x7ffee9717078 /* 111 vars */) = -1 ENOENT (No such file or directory)
[pid 2692805] execve("/home/x/i/rust-sel4/hacking/vscode/cargo-wrapper/bash", ["bash", "/home/x/i/rust-sel4/hacking/vsco"..., "metadata", "--format-version", "1", "--no-deps", "--manifest-path", "/home/x/i/rust-sel4/Cargo.toml", "--filter-platform", "x86_64-unknown-linux-gnu"], 0x7ffee9717078 /* 111 vars */) = -1 ENOENT (No such file or directory)
[pid 2692805] execve("/nix/store/cjsr67wb763pwjmwimkqjcgkw2pw0cx1-glib-2.86.3-bin/bin/bash", ["bash", "/home/x/i/rust-sel4/hacking/vsco"..., "metadata", "--format-version", "1", "--no-deps", "--manifest-path", "/home/x/i/rust-sel4/Cargo.toml", "--filter-platform", "x86_64-unknown-linux-gnu"], 0x7ffee9717078 /* 111 vars */) = -1 ENOENT (No such file or directory)
[pid 2692805] execve("/nix/store/d4c56s8wa6rz2dnw6ridg7r1dvax1gky-gnugrep-3.12/bin/bash", ["bash", "/home/x/i/rust-sel4/hacking/vsco"..., "metadata", "--format-version", "1", "--no-deps", "--manifest-path", "/home/x/i/rust-sel4/Cargo.toml", "--filter-platform", "x86_64-unknown-linux-gnu"], 0x7ffee9717078 /* 111 vars */) = -1 ENOENT (No such file or directory)
[pid 2692805] execve("/nix/store/wkkwxc04gdw6b263l1h29pjarjnjdyb6-coreutils-9.8/bin/bash", ["bash", "/home/x/i/rust-sel4/hacking/vsco"..., "metadata", "--format-version", "1", "--no-deps", "--manifest-path", "/home/x/i/rust-sel4/Cargo.toml", "--filter-platform", "x86_64-unknown-linux-gnu"], 0x7ffee9717078 /* 111 vars */) = -1 ENOENT (No such file or directory)
[pid 2692805] execve("/home/x/i/icecap/hack/nix/result/bin/bash", ["bash", "/home/x/i/rust-sel4/hacking/vsco"..., "metadata", "--format-version", "1", "--no-deps", "--manifest-path", "/home/x/i/rust-sel4/Cargo.toml", "--filter-platform", "x86_64-unknown-linux-gnu"], 0x7ffee9717078 /* 111 vars */) = -1 ENOENT (No such file or directory)
[pid 2692805] execve("/run/wrappers/bin/bash", ["bash", "/home/x/i/rust-sel4/hacking/vsco"..., "metadata", "--format-version", "1", "--no-deps", "--manifest-path", "/home/x/i/rust-sel4/Cargo.toml", "--filter-platform", "x86_64-unknown-linux-gnu"], 0x7ffee9717078 /* 111 vars */) = -1 ENOENT (No such file or directory)
[pid 2692805] execve("/home/x/.nix-profile/bin/bash", ["bash", "/home/x/i/rust-sel4/hacking/vsco"..., "metadata", "--format-version", "1", "--no-deps", "--manifest-path", "/home/x/i/rust-sel4/Cargo.toml", "--filter-platform", "x86_64-unknown-linux-gnu"], 0x7ffee9717078 /* 111 vars */) = 0
strace: Process 2692806 attached
[pid 2692806] execve("/nix/store/wkkwxc04gdw6b263l1h29pjarjnjdyb6-coreutils-9.8/bin/dirname", ["dirname", "/home/x/i/rust-sel4/hacking/vsco"...], 0x5570ee9d62f0 /* 112 vars */) = 0
[pid 2692806] +++ exited with 0 +++
[pid 2692805] --- SIGCHLD {si_signo=SIGCHLD, si_code=CLD_EXITED, si_pid=2692806, si_uid=1000, si_status=0, si_utime=0, si_stime=0} ---
strace: Process 2692807 attached
[pid 2692807] +++ exited with 0 +++
[pid 2692805] --- SIGCHLD {si_signo=SIGCHLD, si_code=CLD_EXITED, si_pid=2692807, si_uid=1000, si_status=0, si_utime=0, si_stime=0} ---
[pid 2692751] +++ exited with 0 +++
[pid 2692748] --- SIGCHLD {si_signo=SIGCHLD, si_code=CLD_EXITED, si_pid=2692751, si_uid=1000, si_status=0, si_utime=10 /* 0.10 s */, si_stime=1 /* 0.01 s */} ---
strace: Process 2692808 attached
[pid 2692808] execve("/nix/store/rinxh4y0akcin90l05j0zr1r3wahl34d-binutils-wrapper-2.44/bin/as", ["as", "-I", "/home/x/.cargo/registry/src/inde"..., "-I", "/home/x/.cargo/registry/src/inde"..., "--gdwarf-4", "--64", "-o", "/home/x/i/rust-sel4/hacking/targ"..., "/tmp/cc2kChGp.s"], 0x68e7ab0 /* 194 vars */) = 0
[pid 2692805] execve("/run/current-system/sw/bin/cargo", ["/run/current-system/sw/bin/cargo", "metadata", "--format-version", "1", "--no-deps", "--manifest-path", "/home/x/i/rust-sel4/Cargo.toml", "--filter-platform", "x86_64-unknown-linux-gnu"], 0x5570ee9da5d0 /* 111 vars */) = 0
[pid 2692805] execve("/nix/store/zw0f1k78j4cdqi8l07nnyhm4rywbr8gr-rustup-1.28.2/bin/.rustup-wrapped", ["/run/current-system/sw/bin/cargo", "metadata", "--format-version", "1", "--no-deps", "--manifest-path", "/home/x/i/rust-sel4/Cargo.toml", "--filter-platform", "x86_64-unknown-linux-gnu"], 0x7ffc87c5f328 /* 111 vars */) = 0
strace: Process 2692809 attached
strace: Process 2692810 attached
strace: Process 2692811 attached
strace: Process 2692812 attached
strace: Process 2692813 attached
strace: Process 2692814 attached
strace: Process 2692815 attached
strace: Process 2692816 attached
strace: Process 2692817 attached
strace: Process 2692818 attached
strace: Process 2692819 attached
strace: Process 2692820 attached
strace: Process 2692821 attached
strace: Process 2692822 attached
strace: Process 2692823 attached
strace: Process 2692824 attached
strace: Process 2692825 attached
strace: Process 2692826 attached
strace: Process 2692827 attached
strace: Process 2692828 attached
strace: Process 2692829 attached
strace: Process 2692830 attached
strace: Process 2692831 attached
strace: Process 2692832 attached
[pid 2692805] execve("/home/x/.rustup/toolchains/nightly-2026-04-04-x86_64-unknown-linux-gnu/bin/cargo", ["/home/x/.rustup/toolchains/night"..., "metadata", "--format-version", "1", "--no-deps", "--manifest-path", "/home/x/i/rust-sel4/Cargo.toml", "--filter-platform", "x86_64-unknown-linux-gnu"], 0x56499a15b470 /* 111 vars */ <unfinished ...>
[pid 2692832] +++ exited with 0 +++
[pid 2692831] +++ exited with 0 +++
[pid 2692830] +++ exited with 0 +++
[pid 2692829] +++ exited with 0 +++
[pid 2692828] +++ exited with 0 +++
[pid 2692827] +++ exited with 0 +++
[pid 2692826] +++ exited with 0 +++
[pid 2692825] +++ exited with 0 +++
[pid 2692824] +++ exited with 0 +++
[pid 2692823] +++ exited with 0 +++
[pid 2692822] +++ exited with 0 +++
[pid 2692821] +++ exited with 0 +++
[pid 2692820] +++ exited with 0 +++
[pid 2692819] +++ exited with 0 +++
[pid 2692818] +++ exited with 0 +++
[pid 2692817] +++ exited with 0 +++
[pid 2692816] +++ exited with 0 +++
[pid 2692815] +++ exited with 0 +++
[pid 2692814] +++ exited with 0 +++
[pid 2692813] +++ exited with 0 +++
[pid 2692812] +++ exited with 0 +++
[pid 2692811] +++ exited with 0 +++
[pid 2692810] +++ exited with 0 +++
[pid 2692809] +++ exited with 0 +++
[pid 2692808] +++ exited with 0 +++
[pid 2692748] --- SIGCHLD {si_signo=SIGCHLD, si_code=CLD_EXITED, si_pid=2692808, si_uid=1000, si_status=0, si_utime=1 /* 0.01 s */, si_stime=0} ---
[pid 2692748] +++ exited with 0 +++
[pid 2692805] <... execve resumed>)     = 0
[pid 2692743] --- SIGCHLD {si_signo=SIGCHLD, si_code=CLD_EXITED, si_pid=2692748, si_uid=1000, si_status=0, si_utime=0, si_stime=0} ---
strace: Process 2692833 attached
[pid 2692833] execve("/home/x/.cargo/bin/cc", ["cc", "-O0", "-ffunction-sections", "-fdata-sections", "-fPIC", "-gdwarf-4", "-fno-omit-frame-pointer", "-m64", "-I", "/home/x/.cargo/registry/src/inde"..., "-I", "/home/x/.cargo/registry/src/inde"..., "-Wall", "-Wextra", "-fvisibility=hidden", "-std=c1x", "-Wall", "-Wbad-function-cast", "-Wcast-align", "-Wcast-qual", "-Wconversion", "-Wmissing-field-initializers", "-Wmissing-include-dirs", "-Wnested-externs", "-Wredundant-decls", "-Wshadow", "-Wsign-compare", "-Wsign-conversion", "-Wstrict-prototypes", "-Wundef", "-Wuninitialized", "-g3", ...], 0x556388e7a450 /* 174 vars */) = -1 ENOENT (No such file or directory)
[pid 2692833] execve("/home/x/i/rust-sel4/hacking/vscode/cargo-wrapper/cc", ["cc", "-O0", "-ffunction-sections", "-fdata-sections", "-fPIC", "-gdwarf-4", "-fno-omit-frame-pointer", "-m64", "-I", "/home/x/.cargo/registry/src/inde"..., "-I", "/home/x/.cargo/registry/src/inde"..., "-Wall", "-Wextra", "-fvisibility=hidden", "-std=c1x", "-Wall", "-Wbad-function-cast", "-Wcast-align", "-Wcast-qual", "-Wconversion", "-Wmissing-field-initializers", "-Wmissing-include-dirs", "-Wnested-externs", "-Wredundant-decls", "-Wshadow", "-Wsign-compare", "-Wsign-conversion", "-Wstrict-prototypes", "-Wundef", "-Wuninitialized", "-g3", ...], 0x556388e7a450 /* 174 vars */) = -1 ENOENT (No such file or directory)
[pid 2692833] execve("/nix/store/cjsr67wb763pwjmwimkqjcgkw2pw0cx1-glib-2.86.3-bin/bin/cc", ["cc", "-O0", "-ffunction-sections", "-fdata-sections", "-fPIC", "-gdwarf-4", "-fno-omit-frame-pointer", "-m64", "-I", "/home/x/.cargo/registry/src/inde"..., "-I", "/home/x/.cargo/registry/src/inde"..., "-Wall", "-Wextra", "-fvisibility=hidden", "-std=c1x", "-Wall", "-Wbad-function-cast", "-Wcast-align", "-Wcast-qual", "-Wconversion", "-Wmissing-field-initializers", "-Wmissing-include-dirs", "-Wnested-externs", "-Wredundant-decls", "-Wshadow", "-Wsign-compare", "-Wsign-conversion", "-Wstrict-prototypes", "-Wundef", "-Wuninitialized", "-g3", ...], 0x556388e7a450 /* 174 vars */) = -1 ENOENT (No such file or directory)
[pid 2692833] execve("/nix/store/d4c56s8wa6rz2dnw6ridg7r1dvax1gky-gnugrep-3.12/bin/cc", ["cc", "-O0", "-ffunction-sections", "-fdata-sections", "-fPIC", "-gdwarf-4", "-fno-omit-frame-pointer", "-m64", "-I", "/home/x/.cargo/registry/src/inde"..., "-I", "/home/x/.cargo/registry/src/inde"..., "-Wall", "-Wextra", "-fvisibility=hidden", "-std=c1x", "-Wall", "-Wbad-function-cast", "-Wcast-align", "-Wcast-qual", "-Wconversion", "-Wmissing-field-initializers", "-Wmissing-include-dirs", "-Wnested-externs", "-Wredundant-decls", "-Wshadow", "-Wsign-compare", "-Wsign-conversion", "-Wstrict-prototypes", "-Wundef", "-Wuninitialized", "-g3", ...], 0x556388e7a450 /* 174 vars */) = -1 ENOENT (No such file or directory)
[pid 2692833] execve("/nix/store/wkkwxc04gdw6b263l1h29pjarjnjdyb6-coreutils-9.8/bin/cc", ["cc", "-O0", "-ffunction-sections", "-fdata-sections", "-fPIC", "-gdwarf-4", "-fno-omit-frame-pointer", "-m64", "-I", "/home/x/.cargo/registry/src/inde"..., "-I", "/home/x/.cargo/registry/src/inde"..., "-Wall", "-Wextra", "-fvisibility=hidden", "-std=c1x", "-Wall", "-Wbad-function-cast", "-Wcast-align", "-Wcast-qual", "-Wconversion", "-Wmissing-field-initializers", "-Wmissing-include-dirs", "-Wnested-externs", "-Wredundant-decls", "-Wshadow", "-Wsign-compare", "-Wsign-conversion", "-Wstrict-prototypes", "-Wundef", "-Wuninitialized", "-g3", ...], 0x556388e7a450 /* 174 vars */) = -1 ENOENT (No such file or directory)
[pid 2692833] execve("/home/x/i/icecap/hack/nix/result/bin/cc", ["cc", "-O0", "-ffunction-sections", "-fdata-sections", "-fPIC", "-gdwarf-4", "-fno-omit-frame-pointer", "-m64", "-I", "/home/x/.cargo/registry/src/inde"..., "-I", "/home/x/.cargo/registry/src/inde"..., "-Wall", "-Wextra", "-fvisibility=hidden", "-std=c1x", "-Wall", "-Wbad-function-cast", "-Wcast-align", "-Wcast-qual", "-Wconversion", "-Wmissing-field-initializers", "-Wmissing-include-dirs", "-Wnested-externs", "-Wredundant-decls", "-Wshadow", "-Wsign-compare", "-Wsign-conversion", "-Wstrict-prototypes", "-Wundef", "-Wuninitialized", "-g3", ...], 0x556388e7a450 /* 174 vars */) = -1 ENOENT (No such file or directory)
[pid 2692833] execve("/run/wrappers/bin/cc", ["cc", "-O0", "-ffunction-sections", "-fdata-sections", "-fPIC", "-gdwarf-4", "-fno-omit-frame-pointer", "-m64", "-I", "/home/x/.cargo/registry/src/inde"..., "-I", "/home/x/.cargo/registry/src/inde"..., "-Wall", "-Wextra", "-fvisibility=hidden", "-std=c1x", "-Wall", "-Wbad-function-cast", "-Wcast-align", "-Wcast-qual", "-Wconversion", "-Wmissing-field-initializers", "-Wmissing-include-dirs", "-Wnested-externs", "-Wredundant-decls", "-Wshadow", "-Wsign-compare", "-Wsign-conversion", "-Wstrict-prototypes", "-Wundef", "-Wuninitialized", "-g3", ...], 0x556388e7a450 /* 174 vars */) = -1 ENOENT (No such file or directory)
[pid 2692833] execve("/home/x/.nix-profile/bin/cc", ["cc", "-O0", "-ffunction-sections", "-fdata-sections", "-fPIC", "-gdwarf-4", "-fno-omit-frame-pointer", "-m64", "-I", "/home/x/.cargo/registry/src/inde"..., "-I", "/home/x/.cargo/registry/src/inde"..., "-Wall", "-Wextra", "-fvisibility=hidden", "-std=c1x", "-Wall", "-Wbad-function-cast", "-Wcast-align", "-Wcast-qual", "-Wconversion", "-Wmissing-field-initializers", "-Wmissing-include-dirs", "-Wnested-externs", "-Wredundant-decls", "-Wshadow", "-Wsign-compare", "-Wsign-conversion", "-Wstrict-prototypes", "-Wundef", "-Wuninitialized", "-g3", ...], 0x556388e7a450 /* 174 vars */) = -1 ENOENT (No such file or directory)
[pid 2692833] execve("/nix/profile/bin/cc", ["cc", "-O0", "-ffunction-sections", "-fdata-sections", "-fPIC", "-gdwarf-4", "-fno-omit-frame-pointer", "-m64", "-I", "/home/x/.cargo/registry/src/inde"..., "-I", "/home/x/.cargo/registry/src/inde"..., "-Wall", "-Wextra", "-fvisibility=hidden", "-std=c1x", "-Wall", "-Wbad-function-cast", "-Wcast-align", "-Wcast-qual", "-Wconversion", "-Wmissing-field-initializers", "-Wmissing-include-dirs", "-Wnested-externs", "-Wredundant-decls", "-Wshadow", "-Wsign-compare", "-Wsign-conversion", "-Wstrict-prototypes", "-Wundef", "-Wuninitialized", "-g3", ...], 0x556388e7a450 /* 174 vars */) = -1 ENOENT (No such file or directory)
[pid 2692833] execve("/home/x/.local/state/nix/profile/bin/cc", ["cc", "-O0", "-ffunction-sections", "-fdata-sections", "-fPIC", "-gdwarf-4", "-fno-omit-frame-pointer", "-m64", "-I", "/home/x/.cargo/registry/src/inde"..., "-I", "/home/x/.cargo/registry/src/inde"..., "-Wall", "-Wextra", "-fvisibility=hidden", "-std=c1x", "-Wall", "-Wbad-function-cast", "-Wcast-align", "-Wcast-qual", "-Wconversion", "-Wmissing-field-initializers", "-Wmissing-include-dirs", "-Wnested-externs", "-Wredundant-decls", "-Wshadow", "-Wsign-compare", "-Wsign-conversion", "-Wstrict-prototypes", "-Wundef", "-Wuninitialized", "-g3", ...], 0x556388e7a450 /* 174 vars */) = -1 ENOENT (No such file or directory)
[pid 2692833] execve("/etc/profiles/per-user/x/bin/cc", ["cc", "-O0", "-ffunction-sections", "-fdata-sections", "-fPIC", "-gdwarf-4", "-fno-omit-frame-pointer", "-m64", "-I", "/home/x/.cargo/registry/src/inde"..., "-I", "/home/x/.cargo/registry/src/inde"..., "-Wall", "-Wextra", "-fvisibility=hidden", "-std=c1x", "-Wall", "-Wbad-function-cast", "-Wcast-align", "-Wcast-qual", "-Wconversion", "-Wmissing-field-initializers", "-Wmissing-include-dirs", "-Wnested-externs", "-Wredundant-decls", "-Wshadow", "-Wsign-compare", "-Wsign-conversion", "-Wstrict-prototypes", "-Wundef", "-Wuninitialized", "-g3", ...], 0x556388e7a450 /* 174 vars */) = -1 ENOENT (No such file or directory)
[pid 2692833] execve("/nix/var/nix/profiles/default/bin/cc", ["cc", "-O0", "-ffunction-sections", "-fdata-sections", "-fPIC", "-gdwarf-4", "-fno-omit-frame-pointer", "-m64", "-I", "/home/x/.cargo/registry/src/inde"..., "-I", "/home/x/.cargo/registry/src/inde"..., "-Wall", "-Wextra", "-fvisibility=hidden", "-std=c1x", "-Wall", "-Wbad-function-cast", "-Wcast-align", "-Wcast-qual", "-Wconversion", "-Wmissing-field-initializers", "-Wmissing-include-dirs", "-Wnested-externs", "-Wredundant-decls", "-Wshadow", "-Wsign-compare", "-Wsign-conversion", "-Wstrict-prototypes", "-Wundef", "-Wuninitialized", "-g3", ...], 0x556388e7a450 /* 174 vars */) = -1 ENOENT (No such file or directory)
[pid 2692833] execve("/run/current-system/sw/bin/cc", ["cc", "-O0", "-ffunction-sections", "-fdata-sections", "-fPIC", "-gdwarf-4", "-fno-omit-frame-pointer", "-m64", "-I", "/home/x/.cargo/registry/src/inde"..., "-I", "/home/x/.cargo/registry/src/inde"..., "-Wall", "-Wextra", "-fvisibility=hidden", "-std=c1x", "-Wall", "-Wbad-function-cast", "-Wcast-align", "-Wcast-qual", "-Wconversion", "-Wmissing-field-initializers", "-Wmissing-include-dirs", "-Wnested-externs", "-Wredundant-decls", "-Wshadow", "-Wsign-compare", "-Wsign-conversion", "-Wstrict-prototypes", "-Wundef", "-Wuninitialized", "-g3", ...], 0x556388e7a450 /* 174 vars */) = 0
[pid 2692833] execve("/nix/store/k3qc3y1f6i8g2dgz5z0cf00dj4xc5rrv-gcc-14.3.0/bin/gcc", ["/nix/store/k3qc3y1f6i8g2dgz5z0cf"..., "-fno-omit-frame-pointer", "-mno-omit-leaf-frame-pointer", "-O0", "-ffunction-sections", "-fdata-sections", "-fPIC", "-gdwarf-4", "-fno-omit-frame-pointer", "-m64", "-I", "/home/x/.cargo/registry/src/inde"..., "-I", "/home/x/.cargo/registry/src/inde"..., "-Wall", "-Wextra", "-fvisibility=hidden", "-std=c1x", "-Wall", "-Wbad-function-cast", "-Wcast-align", "-Wcast-qual", "-Wconversion", "-Wmissing-field-initializers", "-Wmissing-include-dirs", "-Wnested-externs", "-Wredundant-decls", "-Wshadow", "-Wsign-compare", "-Wsign-conversion", "-Wstrict-prototypes", "-Wundef", ...], 0x55e4779bd210 /* 192 vars */) = 0
strace: Process 2692834 attached
[pid 2692834] execve("/nix/store/k3qc3y1f6i8g2dgz5z0cf00dj4xc5rrv-gcc-14.3.0/libexec/gcc/x86_64-unknown-linux-gnu/14.3.0/cc1", ["/nix/store/k3qc3y1f6i8g2dgz5z0cf"..., "-quiet", "-I", "/home/x/.cargo/registry/src/inde"..., "-I", "/home/x/.cargo/registry/src/inde"..., "-dD", "-D", "NDEBUG", "-idirafter", "/nix/store/radp574lyk1l05lccg0i4"..., "-idirafter", "/nix/store/k3qc3y1f6i8g2dgz5z0cf"..., "/home/x/.cargo/registry/src/inde"..., "-quiet", "-dumpdir", "/home/x/i/rust-sel4/hacking/targ"..., "-dumpbase", "0bbbd18bda93c05b-aes_nohw.c", "-dumpbase-ext", ".c", "-mno-omit-leaf-frame-pointer", "-m64", "-mtune=generic", "-march=x86-64", "-gdwarf-4", "-g3", "-O0", "-Wextra", "-Wall", "-Wbad-function-cast", "-Wcast-align", ...], 0x11edbab0 /* 194 vars */) = 0
[pid 2692834] +++ exited with 0 +++
[pid 2692833] --- SIGCHLD {si_signo=SIGCHLD, si_code=CLD_EXITED, si_pid=2692834, si_uid=1000, si_status=0, si_utime=3 /* 0.03 s */, si_stime=1 /* 0.01 s */} ---
strace: Process 2692835 attached
[pid 2692835] execve("/nix/store/rinxh4y0akcin90l05j0zr1r3wahl34d-binutils-wrapper-2.44/bin/as", ["as", "-I", "/home/x/.cargo/registry/src/inde"..., "-I", "/home/x/.cargo/registry/src/inde"..., "--gdwarf-4", "--64", "-o", "/home/x/i/rust-sel4/hacking/targ"..., "/tmp/ccSsTRO8.s"], 0x11edbab0 /* 194 vars */) = 0
[pid 2692835] +++ exited with 0 +++
[pid 2692833] --- SIGCHLD {si_signo=SIGCHLD, si_code=CLD_EXITED, si_pid=2692835, si_uid=1000, si_status=0, si_utime=0, si_stime=0} ---
[pid 2692833] +++ exited with 0 +++
[pid 2692743] --- SIGCHLD {si_signo=SIGCHLD, si_code=CLD_EXITED, si_pid=2692833, si_uid=1000, si_status=0, si_utime=0, si_stime=0} ---
strace: Process 2692836 attached
[pid 2692836] execve("/home/x/.cargo/bin/cc", ["cc", "-O0", "-ffunction-sections", "-fdata-sections", "-fPIC", "-gdwarf-4", "-fno-omit-frame-pointer", "-m64", "-I", "/home/x/.cargo/registry/src/inde"..., "-I", "/home/x/.cargo/registry/src/inde"..., "-Wall", "-Wextra", "-fvisibility=hidden", "-std=c1x", "-Wall", "-Wbad-function-cast", "-Wcast-align", "-Wcast-qual", "-Wconversion", "-Wmissing-field-initializers", "-Wmissing-include-dirs", "-Wnested-externs", "-Wredundant-decls", "-Wshadow", "-Wsign-compare", "-Wsign-conversion", "-Wstrict-prototypes", "-Wundef", "-Wuninitialized", "-g3", ...], 0x556388e7a9d0 /* 174 vars */) = -1 ENOENT (No such file or directory)
[pid 2692836] execve("/home/x/i/rust-sel4/hacking/vscode/cargo-wrapper/cc", ["cc", "-O0", "-ffunction-sections", "-fdata-sections", "-fPIC", "-gdwarf-4", "-fno-omit-frame-pointer", "-m64", "-I", "/home/x/.cargo/registry/src/inde"..., "-I", "/home/x/.cargo/registry/src/inde"..., "-Wall", "-Wextra", "-fvisibility=hidden", "-std=c1x", "-Wall", "-Wbad-function-cast", "-Wcast-align", "-Wcast-qual", "-Wconversion", "-Wmissing-field-initializers", "-Wmissing-include-dirs", "-Wnested-externs", "-Wredundant-decls", "-Wshadow", "-Wsign-compare", "-Wsign-conversion", "-Wstrict-prototypes", "-Wundef", "-Wuninitialized", "-g3", ...], 0x556388e7a9d0 /* 174 vars */) = -1 ENOENT (No such file or directory)
[pid 2692836] execve("/nix/store/cjsr67wb763pwjmwimkqjcgkw2pw0cx1-glib-2.86.3-bin/bin/cc", ["cc", "-O0", "-ffunction-sections", "-fdata-sections", "-fPIC", "-gdwarf-4", "-fno-omit-frame-pointer", "-m64", "-I", "/home/x/.cargo/registry/src/inde"..., "-I", "/home/x/.cargo/registry/src/inde"..., "-Wall", "-Wextra", "-fvisibility=hidden", "-std=c1x", "-Wall", "-Wbad-function-cast", "-Wcast-align", "-Wcast-qual", "-Wconversion", "-Wmissing-field-initializers", "-Wmissing-include-dirs", "-Wnested-externs", "-Wredundant-decls", "-Wshadow", "-Wsign-compare", "-Wsign-conversion", "-Wstrict-prototypes", "-Wundef", "-Wuninitialized", "-g3", ...], 0x556388e7a9d0 /* 174 vars */) = -1 ENOENT (No such file or directory)
[pid 2692836] execve("/nix/store/d4c56s8wa6rz2dnw6ridg7r1dvax1gky-gnugrep-3.12/bin/cc", ["cc", "-O0", "-ffunction-sections", "-fdata-sections", "-fPIC", "-gdwarf-4", "-fno-omit-frame-pointer", "-m64", "-I", "/home/x/.cargo/registry/src/inde"..., "-I", "/home/x/.cargo/registry/src/inde"..., "-Wall", "-Wextra", "-fvisibility=hidden", "-std=c1x", "-Wall", "-Wbad-function-cast", "-Wcast-align", "-Wcast-qual", "-Wconversion", "-Wmissing-field-initializers", "-Wmissing-include-dirs", "-Wnested-externs", "-Wredundant-decls", "-Wshadow", "-Wsign-compare", "-Wsign-conversion", "-Wstrict-prototypes", "-Wundef", "-Wuninitialized", "-g3", ...], 0x556388e7a9d0 /* 174 vars */) = -1 ENOENT (No such file or directory)
[pid 2692836] execve("/nix/store/wkkwxc04gdw6b263l1h29pjarjnjdyb6-coreutils-9.8/bin/cc", ["cc", "-O0", "-ffunction-sections", "-fdata-sections", "-fPIC", "-gdwarf-4", "-fno-omit-frame-pointer", "-m64", "-I", "/home/x/.cargo/registry/src/inde"..., "-I", "/home/x/.cargo/registry/src/inde"..., "-Wall", "-Wextra", "-fvisibility=hidden", "-std=c1x", "-Wall", "-Wbad-function-cast", "-Wcast-align", "-Wcast-qual", "-Wconversion", "-Wmissing-field-initializers", "-Wmissing-include-dirs", "-Wnested-externs", "-Wredundant-decls", "-Wshadow", "-Wsign-compare", "-Wsign-conversion", "-Wstrict-prototypes", "-Wundef", "-Wuninitialized", "-g3", ...], 0x556388e7a9d0 /* 174 vars */) = -1 ENOENT (No such file or directory)
[pid 2692836] execve("/home/x/i/icecap/hack/nix/result/bin/cc", ["cc", "-O0", "-ffunction-sections", "-fdata-sections", "-fPIC", "-gdwarf-4", "-fno-omit-frame-pointer", "-m64", "-I", "/home/x/.cargo/registry/src/inde"..., "-I", "/home/x/.cargo/registry/src/inde"..., "-Wall", "-Wextra", "-fvisibility=hidden", "-std=c1x", "-Wall", "-Wbad-function-cast", "-Wcast-align", "-Wcast-qual", "-Wconversion", "-Wmissing-field-initializers", "-Wmissing-include-dirs", "-Wnested-externs", "-Wredundant-decls", "-Wshadow", "-Wsign-compare", "-Wsign-conversion", "-Wstrict-prototypes", "-Wundef", "-Wuninitialized", "-g3", ...], 0x556388e7a9d0 /* 174 vars */) = -1 ENOENT (No such file or directory)
[pid 2692836] execve("/run/wrappers/bin/cc", ["cc", "-O0", "-ffunction-sections", "-fdata-sections", "-fPIC", "-gdwarf-4", "-fno-omit-frame-pointer", "-m64", "-I", "/home/x/.cargo/registry/src/inde"..., "-I", "/home/x/.cargo/registry/src/inde"..., "-Wall", "-Wextra", "-fvisibility=hidden", "-std=c1x", "-Wall", "-Wbad-function-cast", "-Wcast-align", "-Wcast-qual", "-Wconversion", "-Wmissing-field-initializers", "-Wmissing-include-dirs", "-Wnested-externs", "-Wredundant-decls", "-Wshadow", "-Wsign-compare", "-Wsign-conversion", "-Wstrict-prototypes", "-Wundef", "-Wuninitialized", "-g3", ...], 0x556388e7a9d0 /* 174 vars */) = -1 ENOENT (No such file or directory)
[pid 2692836] execve("/home/x/.nix-profile/bin/cc", ["cc", "-O0", "-ffunction-sections", "-fdata-sections", "-fPIC", "-gdwarf-4", "-fno-omit-frame-pointer", "-m64", "-I", "/home/x/.cargo/registry/src/inde"..., "-I", "/home/x/.cargo/registry/src/inde"..., "-Wall", "-Wextra", "-fvisibility=hidden", "-std=c1x", "-Wall", "-Wbad-function-cast", "-Wcast-align", "-Wcast-qual", "-Wconversion", "-Wmissing-field-initializers", "-Wmissing-include-dirs", "-Wnested-externs", "-Wredundant-decls", "-Wshadow", "-Wsign-compare", "-Wsign-conversion", "-Wstrict-prototypes", "-Wundef", "-Wuninitialized", "-g3", ...], 0x556388e7a9d0 /* 174 vars */) = -1 ENOENT (No such file or directory)
[pid 2692836] execve("/nix/profile/bin/cc", ["cc", "-O0", "-ffunction-sections", "-fdata-sections", "-fPIC", "-gdwarf-4", "-fno-omit-frame-pointer", "-m64", "-I", "/home/x/.cargo/registry/src/inde"..., "-I", "/home/x/.cargo/registry/src/inde"..., "-Wall", "-Wextra", "-fvisibility=hidden", "-std=c1x", "-Wall", "-Wbad-function-cast", "-Wcast-align", "-Wcast-qual", "-Wconversion", "-Wmissing-field-initializers", "-Wmissing-include-dirs", "-Wnested-externs", "-Wredundant-decls", "-Wshadow", "-Wsign-compare", "-Wsign-conversion", "-Wstrict-prototypes", "-Wundef", "-Wuninitialized", "-g3", ...], 0x556388e7a9d0 /* 174 vars */) = -1 ENOENT (No such file or directory)
[pid 2692836] execve("/home/x/.local/state/nix/profile/bin/cc", ["cc", "-O0", "-ffunction-sections", "-fdata-sections", "-fPIC", "-gdwarf-4", "-fno-omit-frame-pointer", "-m64", "-I", "/home/x/.cargo/registry/src/inde"..., "-I", "/home/x/.cargo/registry/src/inde"..., "-Wall", "-Wextra", "-fvisibility=hidden", "-std=c1x", "-Wall", "-Wbad-function-cast", "-Wcast-align", "-Wcast-qual", "-Wconversion", "-Wmissing-field-initializers", "-Wmissing-include-dirs", "-Wnested-externs", "-Wredundant-decls", "-Wshadow", "-Wsign-compare", "-Wsign-conversion", "-Wstrict-prototypes", "-Wundef", "-Wuninitialized", "-g3", ...], 0x556388e7a9d0 /* 174 vars */) = -1 ENOENT (No such file or directory)
[pid 2692836] execve("/etc/profiles/per-user/x/bin/cc", ["cc", "-O0", "-ffunction-sections", "-fdata-sections", "-fPIC", "-gdwarf-4", "-fno-omit-frame-pointer", "-m64", "-I", "/home/x/.cargo/registry/src/inde"..., "-I", "/home/x/.cargo/registry/src/inde"..., "-Wall", "-Wextra", "-fvisibility=hidden", "-std=c1x", "-Wall", "-Wbad-function-cast", "-Wcast-align", "-Wcast-qual", "-Wconversion", "-Wmissing-field-initializers", "-Wmissing-include-dirs", "-Wnested-externs", "-Wredundant-decls", "-Wshadow", "-Wsign-compare", "-Wsign-conversion", "-Wstrict-prototypes", "-Wundef", "-Wuninitialized", "-g3", ...], 0x556388e7a9d0 /* 174 vars */) = -1 ENOENT (No such file or directory)
[pid 2692836] execve("/nix/var/nix/profiles/default/bin/cc", ["cc", "-O0", "-ffunction-sections", "-fdata-sections", "-fPIC", "-gdwarf-4", "-fno-omit-frame-pointer", "-m64", "-I", "/home/x/.cargo/registry/src/inde"..., "-I", "/home/x/.cargo/registry/src/inde"..., "-Wall", "-Wextra", "-fvisibility=hidden", "-std=c1x", "-Wall", "-Wbad-function-cast", "-Wcast-align", "-Wcast-qual", "-Wconversion", "-Wmissing-field-initializers", "-Wmissing-include-dirs", "-Wnested-externs", "-Wredundant-decls", "-Wshadow", "-Wsign-compare", "-Wsign-conversion", "-Wstrict-prototypes", "-Wundef", "-Wuninitialized", "-g3", ...], 0x556388e7a9d0 /* 174 vars */) = -1 ENOENT (No such file or directory)
[pid 2692836] execve("/run/current-system/sw/bin/cc", ["cc", "-O0", "-ffunction-sections", "-fdata-sections", "-fPIC", "-gdwarf-4", "-fno-omit-frame-pointer", "-m64", "-I", "/home/x/.cargo/registry/src/inde"..., "-I", "/home/x/.cargo/registry/src/inde"..., "-Wall", "-Wextra", "-fvisibility=hidden", "-std=c1x", "-Wall", "-Wbad-function-cast", "-Wcast-align", "-Wcast-qual", "-Wconversion", "-Wmissing-field-initializers", "-Wmissing-include-dirs", "-Wnested-externs", "-Wredundant-decls", "-Wshadow", "-Wsign-compare", "-Wsign-conversion", "-Wstrict-prototypes", "-Wundef", "-Wuninitialized", "-g3", ...], 0x556388e7a9d0 /* 174 vars */) = 0
[pid 2692836] execve("/nix/store/k3qc3y1f6i8g2dgz5z0cf00dj4xc5rrv-gcc-14.3.0/bin/gcc", ["/nix/store/k3qc3y1f6i8g2dgz5z0cf"..., "-fno-omit-frame-pointer", "-mno-omit-leaf-frame-pointer", "-O0", "-ffunction-sections", "-fdata-sections", "-fPIC", "-gdwarf-4", "-fno-omit-frame-pointer", "-m64", "-I", "/home/x/.cargo/registry/src/inde"..., "-I", "/home/x/.cargo/registry/src/inde"..., "-Wall", "-Wextra", "-fvisibility=hidden", "-std=c1x", "-Wall", "-Wbad-function-cast", "-Wcast-align", "-Wcast-qual", "-Wconversion", "-Wmissing-field-initializers", "-Wmissing-include-dirs", "-Wnested-externs", "-Wredundant-decls", "-Wshadow", "-Wsign-compare", "-Wsign-conversion", "-Wstrict-prototypes", "-Wundef", ...], 0x55af705550c0 /* 192 vars */) = 0
strace: Process 2692837 attached
[pid 2692837] execve("/nix/store/k3qc3y1f6i8g2dgz5z0cf00dj4xc5rrv-gcc-14.3.0/libexec/gcc/x86_64-unknown-linux-gnu/14.3.0/cc1", ["/nix/store/k3qc3y1f6i8g2dgz5z0cf"..., "-quiet", "-I", "/home/x/.cargo/registry/src/inde"..., "-I", "/home/x/.cargo/registry/src/inde"..., "-dD", "-D", "NDEBUG", "-idirafter", "/nix/store/radp574lyk1l05lccg0i4"..., "-idirafter", "/nix/store/k3qc3y1f6i8g2dgz5z0cf"..., "/home/x/.cargo/registry/src/inde"..., "-quiet", "-dumpdir", "/home/x/i/rust-sel4/hacking/targ"..., "-dumpbase", "00c879ee3285a50d-montgomery.c", "-dumpbase-ext", ".c", "-mno-omit-leaf-frame-pointer", "-m64", "-mtune=generic", "-march=x86-64", "-gdwarf-4", "-g3", "-O0", "-Wextra", "-Wall", "-Wbad-function-cast", "-Wcast-align", ...], 0x1c19aab0 /* 194 vars */) = 0
[pid 2692805] +++ exited with 0 +++
[pid 2691634] --- SIGCHLD {si_signo=SIGCHLD, si_code=CLD_EXITED, si_pid=2692805, si_uid=1000, si_status=0, si_utime=3 /* 0.03 s */, si_stime=4 /* 0.04 s */} ---
[pid 2692837] +++ exited with 0 +++
[pid 2692836] --- SIGCHLD {si_signo=SIGCHLD, si_code=CLD_EXITED, si_pid=2692837, si_uid=1000, si_status=0, si_utime=1 /* 0.01 s */, si_stime=0} ---
strace: Process 2692838 attached
[pid 2692838] execve("/nix/store/rinxh4y0akcin90l05j0zr1r3wahl34d-binutils-wrapper-2.44/bin/as", ["as", "-I", "/home/x/.cargo/registry/src/inde"..., "-I", "/home/x/.cargo/registry/src/inde"..., "--gdwarf-4", "--64", "-o", "/home/x/i/rust-sel4/hacking/targ"..., "/tmp/cchOB5VQ.s"], 0x1c19aab0 /* 194 vars */) = 0
strace: Process 2692839 attached
strace: Process 2692840 attached
strace: Process 2692841 attached
strace: Process 2692842 attached
strace: Process 2692843 attached
strace: Process 2692844 attached
strace: Process 2692845 attached
strace: Process 2692846 attached
strace: Process 2692847 attached
[pid 2692846] execve("/home/x/i/rust-sel4/hacking/vscode/cargo-wrapper/cargo", ["/home/x/i/rust-sel4/hacking/vsco"..., "rustc", "-Z", "unstable-options", "--print", "cfg", "--target", "x86_64-unknown-linux-gnu", "--", "-O"], 0x7fbb2424c4e0 /* 112 vars */ <unfinished ...>
[pid 2692845] execve("/home/x/i/rust-sel4/hacking/vscode/cargo-wrapper/cargo", ["/home/x/i/rust-sel4/hacking/vsco"..., "rustc", "-Z", "unstable-options", "--print", "target-spec-json", "--target", "x86_64-unknown-linux-gnu", "--", "-Z", "unstable-options"], 0x7fbb18437e90 /* 112 vars */strace: Process 2692848 attached
 <unfinished ...>
[pid 2692846] <... execve resumed>)     = 0
[pid 2692845] <... execve resumed>)     = 0
[pid 2692847] execve("/home/x/i/rust-sel4/hacking/vscode/cargo-wrapper/cargo", ["/home/x/i/rust-sel4/hacking/vsco"..., "metadata", "--format-version", "1", "--manifest-path", "/home/x/i/rust-sel4/Cargo.toml", "--filter-platform", "x86_64-unknown-linux-gnu", "-Zlockfile-path", "-Zunstable-options"], 0x7fbb140052a0 /* 113 vars */ <unfinished ...>
[pid 2692844] +++ exited with 0 +++
[pid 2692847] <... execve resumed>)     = 0
[pid 2692848] execve("/home/x/i/rust-sel4/hacking/vscode/cargo-wrapper/cargo", ["/home/x/i/rust-sel4/hacking/vsco"..., "metadata", "--format-version", "1", "--no-deps", "--manifest-path", "/home/x/.rustup/toolchains/night"..., "--filter-platform", "x86_64-unknown-linux-gnu"], 0x7fbb1c3c3af0 /* 111 vars */) = 0
strace: Process 2692849 attached
[pid 2692849] execve("/home/x/i/rust-sel4/hacking/vscode/cargo-wrapper/cargo", ["/home/x/i/rust-sel4/hacking/vsco"..., "metadata", "--format-version", "1", "--no-deps", "--manifest-path", "/home/x/.rustup/toolchains/night"..., "--filter-platform", "x86_64-unknown-linux-gnu"], 0x7fbb04006670 /* 112 vars */) = 0
[pid 2692847] execve("/home/x/.cargo/bin/bash", ["bash", "/home/x/i/rust-sel4/hacking/vsco"..., "metadata", "--format-version", "1", "--manifest-path", "/home/x/i/rust-sel4/Cargo.toml", "--filter-platform", "x86_64-unknown-linux-gnu", "-Zlockfile-path", "-Zunstable-options"], 0x7ffcb02cd220 /* 113 vars */ <unfinished ...>
[pid 2692846] execve("/home/x/.cargo/bin/bash", ["bash", "/home/x/i/rust-sel4/hacking/vsco"..., "rustc", "-Z", "unstable-options", "--print", "cfg", "--target", "x86_64-unknown-linux-gnu", "--", "-O"], 0x7ffdb1bfa910 /* 112 vars */ <unfinished ...>
[pid 2692847] <... execve resumed>)     = -1 ENOENT (No such file or directory)
[pid 2692845] execve("/home/x/.cargo/bin/bash", ["bash", "/home/x/i/rust-sel4/hacking/vsco"..., "rustc", "-Z", "unstable-options", "--print", "target-spec-json", "--target", "x86_64-unknown-linux-gnu", "--", "-Z", "unstable-options"], 0x7ffec432fa18 /* 112 vars */ <unfinished ...>
[pid 2692846] <... execve resumed>)     = -1 ENOENT (No such file or directory)
[pid 2692847] execve("/home/x/i/rust-sel4/hacking/vscode/cargo-wrapper/bash", ["bash", "/home/x/i/rust-sel4/hacking/vsco"..., "metadata", "--format-version", "1", "--manifest-path", "/home/x/i/rust-sel4/Cargo.toml", "--filter-platform", "x86_64-unknown-linux-gnu", "-Zlockfile-path", "-Zunstable-options"], 0x7ffcb02cd220 /* 113 vars */ <unfinished ...>
[pid 2692845] <... execve resumed>)     = -1 ENOENT (No such file or directory)
[pid 2692846] execve("/home/x/i/rust-sel4/hacking/vscode/cargo-wrapper/bash", ["bash", "/home/x/i/rust-sel4/hacking/vsco"..., "rustc", "-Z", "unstable-options", "--print", "cfg", "--target", "x86_64-unknown-linux-gnu", "--", "-O"], 0x7ffdb1bfa910 /* 112 vars */ <unfinished ...>
[pid 2692847] <... execve resumed>)     = -1 ENOENT (No such file or directory)
[pid 2692845] execve("/home/x/i/rust-sel4/hacking/vscode/cargo-wrapper/bash", ["bash", "/home/x/i/rust-sel4/hacking/vsco"..., "rustc", "-Z", "unstable-options", "--print", "target-spec-json", "--target", "x86_64-unknown-linux-gnu", "--", "-Z", "unstable-options"], 0x7ffec432fa18 /* 112 vars */ <unfinished ...>
[pid 2692846] <... execve resumed>)     = -1 ENOENT (No such file or directory)
[pid 2692847] execve("/nix/store/cjsr67wb763pwjmwimkqjcgkw2pw0cx1-glib-2.86.3-bin/bin/bash", ["bash", "/home/x/i/rust-sel4/hacking/vsco"..., "metadata", "--format-version", "1", "--manifest-path", "/home/x/i/rust-sel4/Cargo.toml", "--filter-platform", "x86_64-unknown-linux-gnu", "-Zlockfile-path", "-Zunstable-options"], 0x7ffcb02cd220 /* 113 vars */ <unfinished ...>
[pid 2692845] <... execve resumed>)     = -1 ENOENT (No such file or directory)
[pid 2692846] execve("/nix/store/cjsr67wb763pwjmwimkqjcgkw2pw0cx1-glib-2.86.3-bin/bin/bash", ["bash", "/home/x/i/rust-sel4/hacking/vsco"..., "rustc", "-Z", "unstable-options", "--print", "cfg", "--target", "x86_64-unknown-linux-gnu", "--", "-O"], 0x7ffdb1bfa910 /* 112 vars */ <unfinished ...>
[pid 2692847] <... execve resumed>)     = -1 ENOENT (No such file or directory)
[pid 2692845] execve("/nix/store/cjsr67wb763pwjmwimkqjcgkw2pw0cx1-glib-2.86.3-bin/bin/bash", ["bash", "/home/x/i/rust-sel4/hacking/vsco"..., "rustc", "-Z", "unstable-options", "--print", "target-spec-json", "--target", "x86_64-unknown-linux-gnu", "--", "-Z", "unstable-options"], 0x7ffec432fa18 /* 112 vars */ <unfinished ...>
[pid 2692846] <... execve resumed>)     = -1 ENOENT (No such file or directory)
[pid 2692847] execve("/nix/store/d4c56s8wa6rz2dnw6ridg7r1dvax1gky-gnugrep-3.12/bin/bash", ["bash", "/home/x/i/rust-sel4/hacking/vsco"..., "metadata", "--format-version", "1", "--manifest-path", "/home/x/i/rust-sel4/Cargo.toml", "--filter-platform", "x86_64-unknown-linux-gnu", "-Zlockfile-path", "-Zunstable-options"], 0x7ffcb02cd220 /* 113 vars */ <unfinished ...>
[pid 2692845] <... execve resumed>)     = -1 ENOENT (No such file or directory)
[pid 2692846] execve("/nix/store/d4c56s8wa6rz2dnw6ridg7r1dvax1gky-gnugrep-3.12/bin/bash", ["bash", "/home/x/i/rust-sel4/hacking/vsco"..., "rustc", "-Z", "unstable-options", "--print", "cfg", "--target", "x86_64-unknown-linux-gnu", "--", "-O"], 0x7ffdb1bfa910 /* 112 vars */ <unfinished ...>
[pid 2692848] execve("/home/x/.cargo/bin/bash", ["bash", "/home/x/i/rust-sel4/hacking/vsco"..., "metadata", "--format-version", "1", "--no-deps", "--manifest-path", "/home/x/.rustup/toolchains/night"..., "--filter-platform", "x86_64-unknown-linux-gnu"], 0x7ffd4a5aad68 /* 111 vars */ <unfinished ...>
[pid 2692847] <... execve resumed>)     = -1 ENOENT (No such file or directory)
[pid 2692845] execve("/nix/store/d4c56s8wa6rz2dnw6ridg7r1dvax1gky-gnugrep-3.12/bin/bash", ["bash", "/home/x/i/rust-sel4/hacking/vsco"..., "rustc", "-Z", "unstable-options", "--print", "target-spec-json", "--target", "x86_64-unknown-linux-gnu", "--", "-Z", "unstable-options"], 0x7ffec432fa18 /* 112 vars */ <unfinished ...>
[pid 2692846] <... execve resumed>)     = -1 ENOENT (No such file or directory)
[pid 2692848] <... execve resumed>)     = -1 ENOENT (No such file or directory)
[pid 2692847] execve("/nix/store/wkkwxc04gdw6b263l1h29pjarjnjdyb6-coreutils-9.8/bin/bash", ["bash", "/home/x/i/rust-sel4/hacking/vsco"..., "metadata", "--format-version", "1", "--manifest-path", "/home/x/i/rust-sel4/Cargo.toml", "--filter-platform", "x86_64-unknown-linux-gnu", "-Zlockfile-path", "-Zunstable-options"], 0x7ffcb02cd220 /* 113 vars */ <unfinished ...>
[pid 2692845] <... execve resumed>)     = -1 ENOENT (No such file or directory)
[pid 2692846] execve("/nix/store/wkkwxc04gdw6b263l1h29pjarjnjdyb6-coreutils-9.8/bin/bash", ["bash", "/home/x/i/rust-sel4/hacking/vsco"..., "rustc", "-Z", "unstable-options", "--print", "cfg", "--target", "x86_64-unknown-linux-gnu", "--", "-O"], 0x7ffdb1bfa910 /* 112 vars */ <unfinished ...>
[pid 2692848] execve("/home/x/i/rust-sel4/hacking/vscode/cargo-wrapper/bash", ["bash", "/home/x/i/rust-sel4/hacking/vsco"..., "metadata", "--format-version", "1", "--no-deps", "--manifest-path", "/home/x/.rustup/toolchains/night"..., "--filter-platform", "x86_64-unknown-linux-gnu"], 0x7ffd4a5aad68 /* 111 vars */ <unfinished ...>
[pid 2692847] <... execve resumed>)     = -1 ENOENT (No such file or directory)
[pid 2692845] execve("/nix/store/wkkwxc04gdw6b263l1h29pjarjnjdyb6-coreutils-9.8/bin/bash", ["bash", "/home/x/i/rust-sel4/hacking/vsco"..., "rustc", "-Z", "unstable-options", "--print", "target-spec-json", "--target", "x86_64-unknown-linux-gnu", "--", "-Z", "unstable-options"], 0x7ffec432fa18 /* 112 vars */ <unfinished ...>
[pid 2692846] <... execve resumed>)     = -1 ENOENT (No such file or directory)
[pid 2692848] <... execve resumed>)     = -1 ENOENT (No such file or directory)
[pid 2692847] execve("/home/x/i/icecap/hack/nix/result/bin/bash", ["bash", "/home/x/i/rust-sel4/hacking/vsco"..., "metadata", "--format-version", "1", "--manifest-path", "/home/x/i/rust-sel4/Cargo.toml", "--filter-platform", "x86_64-unknown-linux-gnu", "-Zlockfile-path", "-Zunstable-options"], 0x7ffcb02cd220 /* 113 vars */ <unfinished ...>
[pid 2692845] <... execve resumed>)     = -1 ENOENT (No such file or directory)
[pid 2692846] execve("/home/x/i/icecap/hack/nix/result/bin/bash", ["bash", "/home/x/i/rust-sel4/hacking/vsco"..., "rustc", "-Z", "unstable-options", "--print", "cfg", "--target", "x86_64-unknown-linux-gnu", "--", "-O"], 0x7ffdb1bfa910 /* 112 vars */ <unfinished ...>
[pid 2692848] execve("/nix/store/cjsr67wb763pwjmwimkqjcgkw2pw0cx1-glib-2.86.3-bin/bin/bash", ["bash", "/home/x/i/rust-sel4/hacking/vsco"..., "metadata", "--format-version", "1", "--no-deps", "--manifest-path", "/home/x/.rustup/toolchains/night"..., "--filter-platform", "x86_64-unknown-linux-gnu"], 0x7ffd4a5aad68 /* 111 vars */ <unfinished ...>
[pid 2692847] <... execve resumed>)     = -1 ENOENT (No such file or directory)
[pid 2692845] execve("/home/x/i/icecap/hack/nix/result/bin/bash", ["bash", "/home/x/i/rust-sel4/hacking/vsco"..., "rustc", "-Z", "unstable-options", "--print", "target-spec-json", "--target", "x86_64-unknown-linux-gnu", "--", "-Z", "unstable-options"], 0x7ffec432fa18 /* 112 vars */ <unfinished ...>
[pid 2692848] <... execve resumed>)     = -1 ENOENT (No such file or directory)
[pid 2692847] execve("/run/wrappers/bin/bash", ["bash", "/home/x/i/rust-sel4/hacking/vsco"..., "metadata", "--format-version", "1", "--manifest-path", "/home/x/i/rust-sel4/Cargo.toml", "--filter-platform", "x86_64-unknown-linux-gnu", "-Zlockfile-path", "-Zunstable-options"], 0x7ffcb02cd220 /* 113 vars */ <unfinished ...>
[pid 2692846] <... execve resumed>)     = -1 ENOENT (No such file or directory)
[pid 2692845] <... execve resumed>)     = -1 ENOENT (No such file or directory)
[pid 2692848] execve("/nix/store/d4c56s8wa6rz2dnw6ridg7r1dvax1gky-gnugrep-3.12/bin/bash", ["bash", "/home/x/i/rust-sel4/hacking/vsco"..., "metadata", "--format-version", "1", "--no-deps", "--manifest-path", "/home/x/.rustup/toolchains/night"..., "--filter-platform", "x86_64-unknown-linux-gnu"], 0x7ffd4a5aad68 /* 111 vars */ <unfinished ...>
[pid 2692846] execve("/run/wrappers/bin/bash", ["bash", "/home/x/i/rust-sel4/hacking/vsco"..., "rustc", "-Z", "unstable-options", "--print", "cfg", "--target", "x86_64-unknown-linux-gnu", "--", "-O"], 0x7ffdb1bfa910 /* 112 vars */ <unfinished ...>
[pid 2692847] <... execve resumed>)     = -1 ENOENT (No such file or directory)
[pid 2692845] execve("/run/wrappers/bin/bash", ["bash", "/home/x/i/rust-sel4/hacking/vsco"..., "rustc", "-Z", "unstable-options", "--print", "target-spec-json", "--target", "x86_64-unknown-linux-gnu", "--", "-Z", "unstable-options"], 0x7ffec432fa18 /* 112 vars */ <unfinished ...>
[pid 2692848] <... execve resumed>)     = -1 ENOENT (No such file or directory)
[pid 2692847] execve("/home/x/.nix-profile/bin/bash", ["bash", "/home/x/i/rust-sel4/hacking/vsco"..., "metadata", "--format-version", "1", "--manifest-path", "/home/x/i/rust-sel4/Cargo.toml", "--filter-platform", "x86_64-unknown-linux-gnu", "-Zlockfile-path", "-Zunstable-options"], 0x7ffcb02cd220 /* 113 vars */ <unfinished ...>
[pid 2692846] <... execve resumed>)     = -1 ENOENT (No such file or directory)
[pid 2692848] execve("/nix/store/wkkwxc04gdw6b263l1h29pjarjnjdyb6-coreutils-9.8/bin/bash", ["bash", "/home/x/i/rust-sel4/hacking/vsco"..., "metadata", "--format-version", "1", "--no-deps", "--manifest-path", "/home/x/.rustup/toolchains/night"..., "--filter-platform", "x86_64-unknown-linux-gnu"], 0x7ffd4a5aad68 /* 111 vars */ <unfinished ...>
[pid 2692846] execve("/home/x/.nix-profile/bin/bash", ["bash", "/home/x/i/rust-sel4/hacking/vsco"..., "rustc", "-Z", "unstable-options", "--print", "cfg", "--target", "x86_64-unknown-linux-gnu", "--", "-O"], 0x7ffdb1bfa910 /* 112 vars */ <unfinished ...>
[pid 2692845] <... execve resumed>)     = -1 ENOENT (No such file or directory)
[pid 2692848] <... execve resumed>)     = -1 ENOENT (No such file or directory)
[pid 2692845] execve("/home/x/.nix-profile/bin/bash", ["bash", "/home/x/i/rust-sel4/hacking/vsco"..., "rustc", "-Z", "unstable-options", "--print", "target-spec-json", "--target", "x86_64-unknown-linux-gnu", "--", "-Z", "unstable-options"], 0x7ffec432fa18 /* 112 vars */ <unfinished ...>
[pid 2692848] execve("/home/x/i/icecap/hack/nix/result/bin/bash", ["bash", "/home/x/i/rust-sel4/hacking/vsco"..., "metadata", "--format-version", "1", "--no-deps", "--manifest-path", "/home/x/.rustup/toolchains/night"..., "--filter-platform", "x86_64-unknown-linux-gnu"], 0x7ffd4a5aad68 /* 111 vars */) = -1 ENOENT (No such file or directory)
[pid 2692848] execve("/run/wrappers/bin/bash", ["bash", "/home/x/i/rust-sel4/hacking/vsco"..., "metadata", "--format-version", "1", "--no-deps", "--manifest-path", "/home/x/.rustup/toolchains/night"..., "--filter-platform", "x86_64-unknown-linux-gnu"], 0x7ffd4a5aad68 /* 111 vars */) = -1 ENOENT (No such file or directory)
[pid 2692848] execve("/home/x/.nix-profile/bin/bash", ["bash", "/home/x/i/rust-sel4/hacking/vsco"..., "metadata", "--format-version", "1", "--no-deps", "--manifest-path", "/home/x/.rustup/toolchains/night"..., "--filter-platform", "x86_64-unknown-linux-gnu"], 0x7ffd4a5aad68 /* 111 vars */ <unfinished ...>
[pid 2692847] <... execve resumed>)     = 0
[pid 2692846] <... execve resumed>)     = 0
[pid 2692849] execve("/home/x/.cargo/bin/bash", ["bash", "/home/x/i/rust-sel4/hacking/vsco"..., "metadata", "--format-version", "1", "--no-deps", "--manifest-path", "/home/x/.rustup/toolchains/night"..., "--filter-platform", "x86_64-unknown-linux-gnu"], 0x7ffcec8d0148 /* 112 vars */) = -1 ENOENT (No such file or directory)
[pid 2692845] <... execve resumed>)     = 0
[pid 2692849] execve("/home/x/i/rust-sel4/hacking/vscode/cargo-wrapper/bash", ["bash", "/home/x/i/rust-sel4/hacking/vsco"..., "metadata", "--format-version", "1", "--no-deps", "--manifest-path", "/home/x/.rustup/toolchains/night"..., "--filter-platform", "x86_64-unknown-linux-gnu"], 0x7ffcec8d0148 /* 112 vars */) = -1 ENOENT (No such file or directory)
[pid 2692848] <... execve resumed>)     = 0
[pid 2692849] execve("/nix/store/cjsr67wb763pwjmwimkqjcgkw2pw0cx1-glib-2.86.3-bin/bin/bash", ["bash", "/home/x/i/rust-sel4/hacking/vsco"..., "metadata", "--format-version", "1", "--no-deps", "--manifest-path", "/home/x/.rustup/toolchains/night"..., "--filter-platform", "x86_64-unknown-linux-gnu"], 0x7ffcec8d0148 /* 112 vars */) = -1 ENOENT (No such file or directory)
[pid 2692849] execve("/nix/store/d4c56s8wa6rz2dnw6ridg7r1dvax1gky-gnugrep-3.12/bin/bash", ["bash", "/home/x/i/rust-sel4/hacking/vsco"..., "metadata", "--format-version", "1", "--no-deps", "--manifest-path", "/home/x/.rustup/toolchains/night"..., "--filter-platform", "x86_64-unknown-linux-gnu"], 0x7ffcec8d0148 /* 112 vars */) = -1 ENOENT (No such file or directory)
[pid 2692849] execve("/nix/store/wkkwxc04gdw6b263l1h29pjarjnjdyb6-coreutils-9.8/bin/bash", ["bash", "/home/x/i/rust-sel4/hacking/vsco"..., "metadata", "--format-version", "1", "--no-deps", "--manifest-path", "/home/x/.rustup/toolchains/night"..., "--filter-platform", "x86_64-unknown-linux-gnu"], 0x7ffcec8d0148 /* 112 vars */) = -1 ENOENT (No such file or directory)
[pid 2692849] execve("/home/x/i/icecap/hack/nix/result/bin/bash", ["bash", "/home/x/i/rust-sel4/hacking/vsco"..., "metadata", "--format-version", "1", "--no-deps", "--manifest-path", "/home/x/.rustup/toolchains/night"..., "--filter-platform", "x86_64-unknown-linux-gnu"], 0x7ffcec8d0148 /* 112 vars */) = -1 ENOENT (No such file or directory)
[pid 2692849] execve("/run/wrappers/bin/bash", ["bash", "/home/x/i/rust-sel4/hacking/vsco"..., "metadata", "--format-version", "1", "--no-deps", "--manifest-path", "/home/x/.rustup/toolchains/night"..., "--filter-platform", "x86_64-unknown-linux-gnu"], 0x7ffcec8d0148 /* 112 vars */) = -1 ENOENT (No such file or directory)
[pid 2692849] execve("/home/x/.nix-profile/bin/bash", ["bash", "/home/x/i/rust-sel4/hacking/vsco"..., "metadata", "--format-version", "1", "--no-deps", "--manifest-path", "/home/x/.rustup/toolchains/night"..., "--filter-platform", "x86_64-unknown-linux-gnu"], 0x7ffcec8d0148 /* 112 vars */) = 0
strace: Process 2692850 attached
strace: Process 2692852 attached
strace: Process 2692851 attached
[pid 2692838] +++ exited with 0 +++
