             VMA              LMA     Size Align Out     In      Symbol
               0                0        0     1 . = 0
               0                0     1394     8 .text
               0                0       68     8         /home/x/i/rust-sel4/target/aarch64-unknown-none/release/deps/sel4_kernel_loader_masquerade_image-45da3c59c5b0083c.sel4_kernel_loader_masquerade_image.451725271827d6e-cgu.0.rcgu.o:(.text.header)
               0                0        0     1                 $x
               0                0       68     1                 _start
               4                4        0     1                 $d
              40               40        0     1                 $x
              68               68        4     4         /home/x/i/rust-sel4/target/aarch64-unknown-none/release/deps/sel4_kernel_loader_masquerade_image-45da3c59c5b0083c.sel4_kernel_loader_masquerade_image.451725271827d6e-cgu.0.rcgu.o:(.text._RINvMs1_NtNtCshJp9Gq5HudB_4core3ptr8non_nullINtB6_7NonNullSNtNtCsmZ5VUfQwfW_35sel4_kernel_loader_masquerade_image7payload6RegionE4castBV_EBZ_)
              68               68        4     1                 <core::ptr::non_null::NonNull<[sel4_kernel_loader_masquerade_image::payload::Region]>>::cast::<sel4_kernel_loader_masquerade_image::payload::Region>
              68               68        0     1                 $x
              6c               6c       10     4         /home/x/i/rust-sel4/target/aarch64-unknown-none/release/deps/sel4_kernel_loader_masquerade_image-45da3c59c5b0083c.sel4_kernel_loader_masquerade_image.451725271827d6e-cgu.0.rcgu.o:(.text._RINvNtCshJp9Gq5HudB_4core3ptr20slice_from_raw_partsNtNtCsmZ5VUfQwfW_35sel4_kernel_loader_masquerade_image7payload6RegionEBR_)
              6c               6c       10     1                 core::ptr::slice_from_raw_parts::<sel4_kernel_loader_masquerade_image::payload::Region>
              6c               6c        0     1                 $x
              7c               7c       18     4         /home/x/i/rust-sel4/target/aarch64-unknown-none/release/deps/sel4_kernel_loader_masquerade_image-45da3c59c5b0083c.sel4_kernel_loader_masquerade_image.451725271827d6e-cgu.0.rcgu.o:(.text._RINvNtCsmZ5VUfQwfW_35sel4_kernel_loader_masquerade_image7payload11deserializejNtB2_6RegionEB4_)
              7c               7c       18     1                 sel4_kernel_loader_masquerade_image::payload::deserialize::<usize, sel4_kernel_loader_masquerade_image::payload::Region>
              7c               7c        0     1                 $x
              94               94       18     4         /home/x/i/rust-sel4/target/aarch64-unknown-none/release/deps/sel4_kernel_loader_masquerade_image-45da3c59c5b0083c.sel4_kernel_loader_masquerade_image.451725271827d6e-cgu.0.rcgu.o:(.text._RINvNtCsmZ5VUfQwfW_35sel4_kernel_loader_masquerade_image7payload11deserializejjEB4_)
              94               94       18     1                 sel4_kernel_loader_masquerade_image::payload::deserialize::<usize, usize>
              94               94        0     1                 $x
              ac               ac       4c     4         /home/x/i/rust-sel4/target/aarch64-unknown-none/release/deps/sel4_kernel_loader_masquerade_image-45da3c59c5b0083c.sel4_kernel_loader_masquerade_image.451725271827d6e-cgu.0.rcgu.o:(.text._RINvNtCsmZ5VUfQwfW_35sel4_kernel_loader_masquerade_image7payload17deserialize_sliceNtB2_6RegionhEB4_)
              ac               ac       4c     1                 sel4_kernel_loader_masquerade_image::payload::deserialize_slice::<sel4_kernel_loader_masquerade_image::payload::Region, u8>
              ac               ac        0     1                 $x
              f8               f8        4     4         /home/x/i/rust-sel4/target/aarch64-unknown-none/release/deps/sel4_kernel_loader_masquerade_image-45da3c59c5b0083c.sel4_kernel_loader_masquerade_image.451725271827d6e-cgu.0.rcgu.o:(.text._RINvNtNtCshJp9Gq5HudB_4core3ptr8metadata14from_raw_partsSNtNtCsmZ5VUfQwfW_35sel4_kernel_loader_masquerade_image7payload6RegionBT_EBX_)
              f8               f8        4     1                 core::ptr::metadata::from_raw_parts::<[sel4_kernel_loader_masquerade_image::payload::Region], sel4_kernel_loader_masquerade_image::payload::Region>
              f8               f8        0     1                 $x
              fc               fc       5c     4         /home/x/i/rust-sel4/target/aarch64-unknown-none/release/deps/sel4_kernel_loader_masquerade_image-45da3c59c5b0083c.sel4_kernel_loader_masquerade_image.451725271827d6e-cgu.0.rcgu.o:(.text._RINvNtNtCshJp9Gq5HudB_4core5slice3raw14from_raw_partsNtNtCsmZ5VUfQwfW_35sel4_kernel_loader_masquerade_image7payload6RegionEBT_)
              fc               fc       5c     1                 core::slice::raw::from_raw_parts::<sel4_kernel_loader_masquerade_image::payload::Region>
              fc               fc        0     1                 $x
             158              158       24     4         /home/x/i/rust-sel4/target/aarch64-unknown-none/release/deps/sel4_kernel_loader_masquerade_image-45da3c59c5b0083c.sel4_kernel_loader_masquerade_image.451725271827d6e-cgu.0.rcgu.o:(.text._RNvCsmZ5VUfQwfW_35sel4_kernel_loader_masquerade_image11get_payload)
             158              158       24     1                 sel4_kernel_loader_masquerade_image::get_payload
             158              158        0     1                 $x
             17c              17c       1c     4         /home/x/i/rust-sel4/target/aarch64-unknown-none/release/deps/sel4_kernel_loader_masquerade_image-45da3c59c5b0083c.sel4_kernel_loader_masquerade_image.451725271827d6e-cgu.0.rcgu.o:(.text._RNvCsmZ5VUfQwfW_35sel4_kernel_loader_masquerade_image15get_payload_ptr)
             17c              17c       1c     1                 sel4_kernel_loader_masquerade_image::get_payload_ptr
             17c              17c        0     1                 $x
             198              198       48     4         /home/x/i/rust-sel4/target/aarch64-unknown-none/release/deps/sel4_kernel_loader_masquerade_image-45da3c59c5b0083c.sel4_kernel_loader_masquerade_image.451725271827d6e-cgu.0.rcgu.o:(.text._RNvCsmZ5VUfQwfW_35sel4_kernel_loader_masquerade_image4main)
             198              198       48     1                 sel4_kernel_loader_masquerade_image::main
             198              198        0     1                 $x
             1e0              1e0        8     4         /home/x/i/rust-sel4/target/aarch64-unknown-none/release/deps/sel4_kernel_loader_masquerade_image-45da3c59c5b0083c.sel4_kernel_loader_masquerade_image.451725271827d6e-cgu.0.rcgu.o:(.text._RNvMNtCshJp9Gq5HudB_4core3stre3lenCsmZ5VUfQwfW_35sel4_kernel_loader_masquerade_image)
             1e0              1e0        8     1                 <str>::len
             1e0              1e0        0     1                 $x
             1e8              1e8       10     4         /home/x/i/rust-sel4/target/aarch64-unknown-none/release/deps/sel4_kernel_loader_masquerade_image-45da3c59c5b0083c.sel4_kernel_loader_masquerade_image.451725271827d6e-cgu.0.rcgu.o:(.text._RNvMNtCshJp9Gq5HudB_4core5sliceSNtNtCsmZ5VUfQwfW_35sel4_kernel_loader_masquerade_image7payload6Region4iterBy_)
             1e8              1e8       10     1                 <[sel4_kernel_loader_masquerade_image::payload::Region]>::iter
             1e8              1e8        0     1                 $x
             1f8              1f8       68     4         /home/x/i/rust-sel4/target/aarch64-unknown-none/release/deps/sel4_kernel_loader_masquerade_image-45da3c59c5b0083c.sel4_kernel_loader_masquerade_image.451725271827d6e-cgu.0.rcgu.o:(.text._RNvMNtCsmZ5VUfQwfW_35sel4_kernel_loader_masquerade_image7payloadNtB2_7Payload11deserialize)
             1f8              1f8       68     1                 <sel4_kernel_loader_masquerade_image::payload::Payload>::deserialize
             1f8              1f8        0     1                 $x
             260              260      160     4         /home/x/i/rust-sel4/target/aarch64-unknown-none/release/deps/sel4_kernel_loader_masquerade_image-45da3c59c5b0083c.sel4_kernel_loader_masquerade_image.451725271827d6e-cgu.0.rcgu.o:(.text._RNvMNtCsmZ5VUfQwfW_35sel4_kernel_loader_masquerade_image7payloadNtB2_7Payload6deploy)
             260              260      160     1                 <sel4_kernel_loader_masquerade_image::payload::Payload>::deploy
             260              260        0     1                 $x
             3c0              3c0        4     4         /home/x/i/rust-sel4/target/aarch64-unknown-none/release/deps/sel4_kernel_loader_masquerade_image-45da3c59c5b0083c.sel4_kernel_loader_masquerade_image.451725271827d6e-cgu.0.rcgu.o:(.text._RNvMs1_NtNtCshJp9Gq5HudB_4core3ptr8non_nullINtB5_7NonNullSNtNtCsmZ5VUfQwfW_35sel4_kernel_loader_masquerade_image7payload6RegionE8from_refBY_)
             3c0              3c0        4     1                 <core::ptr::non_null::NonNull<[sel4_kernel_loader_masquerade_image::payload::Region]>>::from_ref
             3c0              3c0        0     1                 $x
             3c4              3c4       2c     4         /home/x/i/rust-sel4/target/aarch64-unknown-none/release/deps/sel4_kernel_loader_masquerade_image-45da3c59c5b0083c.sel4_kernel_loader_masquerade_image.451725271827d6e-cgu.0.rcgu.o:(.text._RNvMs4_NtCshJp9Gq5HudB_4core3fmtNtB5_9Arguments8from_strCsmZ5VUfQwfW_35sel4_kernel_loader_masquerade_image)
             3c4              3c4       2c     1                 <core::fmt::Arguments>::from_str
             3c4              3c4        0     1                 $x
             3f0              3f0       44     4         /home/x/i/rust-sel4/target/aarch64-unknown-none/release/deps/sel4_kernel_loader_masquerade_image-45da3c59c5b0083c.sel4_kernel_loader_masquerade_image.451725271827d6e-cgu.0.rcgu.o:(.text._RNvMs4_NtNtCshJp9Gq5HudB_4core5slice4iterINtB5_4IterNtNtCsmZ5VUfQwfW_35sel4_kernel_loader_masquerade_image7payload6RegionE3newBS_)
             3f0              3f0       44     1                 <core::slice::iter::Iter<sel4_kernel_loader_masquerade_image::payload::Region>>::new
             3f0              3f0        0     1                 $x
             434              434       10     4         /home/x/i/rust-sel4/target/aarch64-unknown-none/release/deps/sel4_kernel_loader_masquerade_image-45da3c59c5b0083c.sel4_kernel_loader_masquerade_image.451725271827d6e-cgu.0.rcgu.o:(.text._RNvNtCshJp9Gq5HudB_4core9ub_checks16maybe_is_alignedCsmZ5VUfQwfW_35sel4_kernel_loader_masquerade_image)
             434              434       10     1                 core::ub_checks::maybe_is_aligned
             434              434        0     1                 $x
             444              444       3c     4         /home/x/i/rust-sel4/target/aarch64-unknown-none/release/deps/sel4_kernel_loader_masquerade_image-45da3c59c5b0083c.sel4_kernel_loader_masquerade_image.451725271827d6e-cgu.0.rcgu.o:(.text._RNvNtCshJp9Gq5HudB_4core9ub_checks17check_language_ubCsmZ5VUfQwfW_35sel4_kernel_loader_masquerade_image)
             444              444       3c     1                 core::ub_checks::check_language_ub
             444              444        0     1                 $x
             480              480       60     4         /home/x/i/rust-sel4/target/aarch64-unknown-none/release/deps/sel4_kernel_loader_masquerade_image-45da3c59c5b0083c.sel4_kernel_loader_masquerade_image.451725271827d6e-cgu.0.rcgu.o:(.text._RNvNtCshJp9Gq5HudB_4core9ub_checks24is_valid_allocation_sizeCsmZ5VUfQwfW_35sel4_kernel_loader_masquerade_image)
             480              480       60     1                 core::ub_checks::is_valid_allocation_size
             480              480        0     1                 $x
             4e0              4e0       64     4         /home/x/i/rust-sel4/target/aarch64-unknown-none/release/deps/sel4_kernel_loader_masquerade_image-45da3c59c5b0083c.sel4_kernel_loader_masquerade_image.451725271827d6e-cgu.0.rcgu.o:(.text._RNvNtCshJp9Gq5HudB_4core9ub_checks29maybe_is_aligned_and_not_nullCsmZ5VUfQwfW_35sel4_kernel_loader_masquerade_image)
             4e0              4e0       64     1                 core::ub_checks::maybe_is_aligned_and_not_null
             4e0              4e0        0     1                 $x
             544              544       28     4         /home/x/i/rust-sel4/target/aarch64-unknown-none/release/deps/sel4_kernel_loader_masquerade_image-45da3c59c5b0083c.sel4_kernel_loader_masquerade_image.451725271827d6e-cgu.0.rcgu.o:(.text._RNvNtCsmZ5VUfQwfW_35sel4_kernel_loader_masquerade_image6caches15cache_line_size)
             544              544       28     1                 sel4_kernel_loader_masquerade_image::caches::cache_line_size
             544              544        0     1                 $x
             56c              56c       90     4         /home/x/i/rust-sel4/target/aarch64-unknown-none/release/deps/sel4_kernel_loader_masquerade_image-45da3c59c5b0083c.sel4_kernel_loader_masquerade_image.451725271827d6e-cgu.0.rcgu.o:(.text._RNvNtCsmZ5VUfQwfW_35sel4_kernel_loader_masquerade_image6caches18clean_dcache_range)
             56c              56c       90     1                 sel4_kernel_loader_masquerade_image::caches::clean_dcache_range
             56c              56c        0     1                 $x
             5fc              5fc       10     4         /home/x/i/rust-sel4/target/aarch64-unknown-none/release/deps/sel4_kernel_loader_masquerade_image-45da3c59c5b0083c.sel4_kernel_loader_masquerade_image.451725271827d6e-cgu.0.rcgu.o:(.text._RNvNtCsmZ5VUfQwfW_35sel4_kernel_loader_masquerade_image6caches21invalidate_icache_all)
             5fc              5fc       10     1                 sel4_kernel_loader_masquerade_image::caches::invalidate_icache_all
             5fc              5fc        0     1                 $x
             60c              60c       40     4         /home/x/i/rust-sel4/target/aarch64-unknown-none/release/deps/sel4_kernel_loader_masquerade_image-45da3c59c5b0083c.sel4_kernel_loader_masquerade_image.451725271827d6e-cgu.0.rcgu.o:(.text._RNvNvNtCshJp9Gq5HudB_4core3ptr11write_bytes18precondition_checkCsmZ5VUfQwfW_35sel4_kernel_loader_masquerade_image)
             60c              60c       40     1                 core::ptr::write_bytes::precondition_check
             60c              60c        0     1                 $x
             64c              64c       80     4         /home/x/i/rust-sel4/target/aarch64-unknown-none/release/deps/sel4_kernel_loader_masquerade_image-45da3c59c5b0083c.sel4_kernel_loader_masquerade_image.451725271827d6e-cgu.0.rcgu.o:(.text._RNvNvNtCshJp9Gq5HudB_4core3ptr4copy18precondition_checkCsmZ5VUfQwfW_35sel4_kernel_loader_masquerade_image)
             64c              64c       80     1                 core::ptr::copy::precondition_check
             64c              64c        0     1                 $x
             6cc              6cc       10     4         /home/x/i/rust-sel4/target/aarch64-unknown-none/release/deps/sel4_kernel_loader_masquerade_image-45da3c59c5b0083c.sel4_kernel_loader_masquerade_image.451725271827d6e-cgu.0.rcgu.o:(.text._RNvNvNtCshJp9Gq5HudB_4core9ub_checks16maybe_is_aligned7runtimeCsmZ5VUfQwfW_35sel4_kernel_loader_masquerade_image)
             6cc              6cc       10     1                 core::ub_checks::maybe_is_aligned::runtime
             6cc              6cc        0     1                 $x
             6dc              6dc        8     4         /home/x/i/rust-sel4/target/aarch64-unknown-none/release/deps/sel4_kernel_loader_masquerade_image-45da3c59c5b0083c.sel4_kernel_loader_masquerade_image.451725271827d6e-cgu.0.rcgu.o:(.text._RNvNvNtCshJp9Gq5HudB_4core9ub_checks17check_language_ub7runtimeCsmZ5VUfQwfW_35sel4_kernel_loader_masquerade_image)
             6dc              6dc        8     1                 core::ub_checks::check_language_ub::runtime
             6dc              6dc        0     1                 $x
             6e4              6e4       6c     4         /home/x/i/rust-sel4/target/aarch64-unknown-none/release/deps/sel4_kernel_loader_masquerade_image-45da3c59c5b0083c.sel4_kernel_loader_masquerade_image.451725271827d6e-cgu.0.rcgu.o:(.text._RNvNvNtNtCshJp9Gq5HudB_4core5slice3raw14from_raw_parts18precondition_checkCsmZ5VUfQwfW_35sel4_kernel_loader_masquerade_image)
             6e4              6e4       6c     1                 core::slice::raw::from_raw_parts::precondition_check
             6e4              6e4        0     1                 $x
             750              750       80     4         /home/x/i/rust-sel4/target/aarch64-unknown-none/release/deps/sel4_kernel_loader_masquerade_image-45da3c59c5b0083c.sel4_kernel_loader_masquerade_image.451725271827d6e-cgu.0.rcgu.o:(.text._RNvXs2J_NtNtCshJp9Gq5HudB_4core5slice4iterINtB6_4IterNtNtCsmZ5VUfQwfW_35sel4_kernel_loader_masquerade_image7payload6RegionENtNtNtNtBa_4iter6traits8iterator8Iterator4nextBT_)
             750              750       80     1                 <core::slice::iter::Iter<sel4_kernel_loader_masquerade_image::payload::Region> as core::iter::traits::iterator::Iterator>::next
             750              750        0     1                 $x
             7d0              7d0       10     4         /home/x/i/rust-sel4/target/aarch64-unknown-none/release/deps/sel4_kernel_loader_masquerade_image-45da3c59c5b0083c.sel4_kernel_loader_masquerade_image.451725271827d6e-cgu.0.rcgu.o:(.text._RNvXs_NtNtCshJp9Gq5HudB_4core5slice4iterRSNtNtCsmZ5VUfQwfW_35sel4_kernel_loader_masquerade_image7payload6RegionNtNtNtNtB8_4iter6traits7collect12IntoIterator9into_iterBI_)
             7d0              7d0       10     1                 <&[sel4_kernel_loader_masquerade_image::payload::Region] as core::iter::traits::collect::IntoIterator>::into_iter
             7d0              7d0        0     1                 $x
             7e0              7e0       14     4         /home/x/i/rust-sel4/target/aarch64-unknown-none/release/deps/sel4_kernel_loader_masquerade_image-45da3c59c5b0083c.sel4_kernel_loader_masquerade_image.451725271827d6e-cgu.0.rcgu.o:(.text._RNvXsd_NtNtCshJp9Gq5HudB_4core3ptr8non_nullINtB5_7NonNullNtNtCsmZ5VUfQwfW_35sel4_kernel_loader_masquerade_image7payload6RegionENtNtB9_3cmp9PartialEq2eqBX_)
             7e0              7e0       14     1                 <core::ptr::non_null::NonNull<sel4_kernel_loader_masquerade_image::payload::Region> as core::cmp::PartialEq>::eq
             7e0              7e0        0     1                 $x
             7f4              7f4        4     4         /home/x/i/rust-sel4/target/aarch64-unknown-none/release/deps/libsel4_no_panic-35dcb5eb6a4ca2b7.rlib(sel4_no_panic-35dcb5eb6a4ca2b7.sel4_no_panic.d9998eabbf07bbc5-cgu.0.rcgu.o):(.text._RNvCs7R0M5BUslMb_7___rustc17rust_begin_unwind)
             7f4              7f4        0     1                 $x
             7f4              7f4        4     1                 __rustc::rust_begin_unwind
             7f8              7f8       20     4         /home/x/i/rust-sel4/target/aarch64-unknown-none/release/deps/libcore-6a8cc502d3744e43.rlib(core-6a8cc502d3744e43.core.ce8a26edb794db7d-cgu.08.rcgu.o):(.text._RNvNtCshJp9Gq5HudB_4core9panicking18panic_nounwind_fmt)
             7f8              7f8        0     1                 $x
             7f8              7f8       20     1                 core::panicking::panic_nounwind_fmt
             818              818       44     4         /home/x/i/rust-sel4/target/aarch64-unknown-none/release/deps/libcore-6a8cc502d3744e43.rlib(core-6a8cc502d3744e43.core.ce8a26edb794db7d-cgu.08.rcgu.o):(.text._RNvNtCshJp9Gq5HudB_4core9panicking9panic_fmt)
             818              818        0     1                 $x
             818              818       44     1                 core::panicking::panic_fmt
             85c              85c       48     4         /home/x/i/rust-sel4/target/aarch64-unknown-none/release/deps/libcore-6a8cc502d3744e43.rlib(core-6a8cc502d3744e43.core.ce8a26edb794db7d-cgu.08.rcgu.o):(.text._RNvNvNtCshJp9Gq5HudB_4core9panicking18panic_nounwind_fmt7runtimeB5_)
             85c              85c       48     1                 core::panicking::panic_nounwind_fmt::runtime
             85c              85c        0     1                 $x
             8a4              8a4       14     4         /home/x/i/rust-sel4/target/aarch64-unknown-none/release/deps/libcore-6a8cc502d3744e43.rlib(core-6a8cc502d3744e43.core.ce8a26edb794db7d-cgu.02.rcgu.o):(.text._RNvMNtNtCshJp9Gq5HudB_4core5panic10panic_infoNtB2_9PanicInfo3newB6_)
             8a4              8a4        0     1                 $x
             8a4              8a4       14     1                 <core::panic::panic_info::PanicInfo>::new
             8b8              8b8       2c     4         /home/x/i/rust-sel4/target/aarch64-unknown-none/release/deps/libcore-6a8cc502d3744e43.rlib(core-6a8cc502d3744e43.core.ce8a26edb794db7d-cgu.03.rcgu.o):(.text._RNvMs4_NtCshJp9Gq5HudB_4core3fmtNtB5_9Arguments8from_strB7_)
             8b8              8b8        0     1                 $x
             8b8              8b8       2c     1                 <core::fmt::Arguments>::from_str
             8e4              8e4       14     4         /home/x/i/rust-sel4/target/aarch64-unknown-none/release/deps/libcore-6a8cc502d3744e43.rlib(core-6a8cc502d3744e43.core.ce8a26edb794db7d-cgu.03.rcgu.o):(.text._RNvMs4_NtNtCshJp9Gq5HudB_4core5panic8locationNtB5_8Location6callerB9_)
             8e4              8e4        0     1                 $x
             8e4              8e4       14     1                 <core::panic::location::Location>::caller
             8f8              8f8       24     4         /home/x/i/rust-sel4/target/aarch64-unknown-none/release/deps/libcore-6a8cc502d3744e43.rlib(core-6a8cc502d3744e43.core.ce8a26edb794db7d-cgu.11.rcgu.o):(.text._RNvNtNtCshJp9Gq5HudB_4core9panicking11panic_const23panic_const_div_by_zero)
             8f8              8f8        0     1                 $x
             8f8              8f8       24     1                 core::panicking::panic_const::panic_const_div_by_zero
             91c              91c        8     4         /home/x/i/rust-sel4/target/aarch64-unknown-none/release/deps/libcore-6a8cc502d3744e43.rlib(core-6a8cc502d3744e43.core.ce8a26edb794db7d-cgu.12.rcgu.o):(.text._RNvMNtCshJp9Gq5HudB_4core3stre3lenB4_)
             91c              91c        0     1                 $x
             91c              91c        8     1                 <str>::len
             924              924       70     4         /home/x/i/rust-sel4/target/aarch64-unknown-none/release/deps/libcore-6a8cc502d3744e43.rlib(core-6a8cc502d3744e43.core.ce8a26edb794db7d-cgu.13.rcgu.o):(.text._RNvMNtNtCshJp9Gq5HudB_4core3ptr9const_ptrPu13is_aligned_toB6_)
             924              924        0     1                 $x
             924              924       70     1                 <*const ()>::is_aligned_to
             994              994       10     4         /home/x/i/rust-sel4/target/aarch64-unknown-none/release/deps/libcore-6a8cc502d3744e43.rlib(core-6a8cc502d3744e43.core.ce8a26edb794db7d-cgu.13.rcgu.o):(.text._RNvMNtNtCshJp9Gq5HudB_4core3ptr9const_ptrPu7is_nullB6_)
             994              994        0     1                 $x
             994              994       10     1                 <*const ()>::is_null
             9a4              9a4        c     4         /home/x/i/rust-sel4/target/aarch64-unknown-none/release/deps/libcore-6a8cc502d3744e43.rlib(core-6a8cc502d3744e43.core.ce8a26edb794db7d-cgu.13.rcgu.o):(.text._RNvNvMNtNtCshJp9Gq5HudB_4core3ptr9const_ptrPp7is_null7runtimeB8_)
             9a4              9a4        c     1                 <*const _>::is_null::runtime
             9a4              9a4        0     1                 $x
             9b0              9b0       68     4         /home/x/i/rust-sel4/target/aarch64-unknown-none/release/deps/libcompiler_builtins-4c39ba86792f07ba.rlib(compiler_builtins-4c39ba86792f07ba.compiler_builtins.4bd0e354f319f02d-cgu.01.rcgu.o):(.text._RNvMs9_NtCshJp9Gq5HudB_4core3numj13from_ne_bytesCs6vz8671Giv1_17compiler_builtins)
             9b0              9b0        0     1                 $x
             9b0              9b0       68     1                 <usize>::from_ne_bytes
             a18              a18      218     4         /home/x/i/rust-sel4/target/aarch64-unknown-none/release/deps/libcompiler_builtins-4c39ba86792f07ba.rlib(compiler_builtins-4c39ba86792f07ba.compiler_builtins.4bd0e354f319f02d-cgu.07.rcgu.o):(.text._RNvNtCs6vz8671Giv1_17compiler_builtins3mem6memset)
             a18              a18        0     1                 $x
             a18              a18      218     1                 compiler_builtins::mem::memset
             c30              c30      5d4     4         /home/x/i/rust-sel4/target/aarch64-unknown-none/release/deps/libcompiler_builtins-4c39ba86792f07ba.rlib(compiler_builtins-4c39ba86792f07ba.compiler_builtins.4bd0e354f319f02d-cgu.07.rcgu.o):(.text._RNvNtCs6vz8671Giv1_17compiler_builtins3mem7memmove)
             c30              c30        0     1                 $x
             c30              c30      5d4     1                 compiler_builtins::mem::memmove
            1204             1204       10     4         /home/x/i/rust-sel4/target/aarch64-unknown-none/release/deps/libcompiler_builtins-4c39ba86792f07ba.rlib(compiler_builtins-4c39ba86792f07ba.compiler_builtins.4bd0e354f319f02d-cgu.08.rcgu.o):(.text.memset)
            1204             1204        0     1                 $x
            1204             1204       10     1                 memset
            1214             1214       40     4         /home/x/i/rust-sel4/target/aarch64-unknown-none/release/deps/libcompiler_builtins-4c39ba86792f07ba.rlib(compiler_builtins-4c39ba86792f07ba.compiler_builtins.4bd0e354f319f02d-cgu.09.rcgu.o):(.text._RNvNtNtCs6vz8671Giv1_17compiler_builtins3mem5impls20read_usize_unaligned)
            1214             1214        0     1                 $x
            1214             1214       40     1                 compiler_builtins::mem::impls::read_usize_unaligned
            1254             1254       74     4         /home/x/i/rust-sel4/target/aarch64-unknown-none/release/deps/libcompiler_builtins-4c39ba86792f07ba.rlib(compiler_builtins-4c39ba86792f07ba.compiler_builtins.4bd0e354f319f02d-cgu.11.rcgu.o):(.text._RNvMNtNtCshJp9Gq5HudB_4core3ptr9const_ptrPAhj8_4readCs6vz8671Giv1_17compiler_builtins)
            1254             1254        0     1                 $x
            1254             1254       74     1                 <*const [u8; 8]>::read
            12c8             12c8        4     4         /home/x/i/rust-sel4/target/aarch64-unknown-none/release/deps/libcompiler_builtins-4c39ba86792f07ba.rlib(compiler_builtins-4c39ba86792f07ba.compiler_builtins.4bd0e354f319f02d-cgu.13.rcgu.o):(.text._RNvNtNtNtCs6vz8671Giv1_17compiler_builtins4math9libm_math7support9cold_path)
            12c8             12c8        0     1                 $x
            12c8             12c8        4     1                 compiler_builtins::math::libm_math::support::cold_path
            12cc             12cc       10     4         /home/x/i/rust-sel4/target/aarch64-unknown-none/release/deps/libcompiler_builtins-4c39ba86792f07ba.rlib(compiler_builtins-4c39ba86792f07ba.compiler_builtins.4bd0e354f319f02d-cgu.13.rcgu.o):(.text.memmove)
            12cc             12cc        0     1                 $x
            12cc             12cc       10     1                 memmove
            12dc             12dc       b8     4         /home/x/i/rust-sel4/target/aarch64-unknown-none/release/deps/libcompiler_builtins-4c39ba86792f07ba.rlib(compiler_builtins-4c39ba86792f07ba.compiler_builtins.4bd0e354f319f02d-cgu.14.rcgu.o):(.text._RINvNtCshJp9Gq5HudB_4core3ptr4readAhj8_ECs6vz8671Giv1_17compiler_builtins)
            12dc             12dc        0     1                 $x
            12dc             12dc       b8     1                 core::ptr::read::<[u8; 8]>
            1394             1394      55e     1 .rodata
            1394             1394      243     1         <internal>:(.rodata.str1.1)
            15d7             15d7       e4     1         /home/x/i/rust-sel4/target/aarch64-unknown-none/release/deps/sel4_kernel_loader_masquerade_image-45da3c59c5b0083c.sel4_kernel_loader_masquerade_image.451725271827d6e-cgu.0.rcgu.o:(.rodata..Lanon.16ef1bd609cf5f8549bc01262f21c8d8.9)
            15d7             15d7        0     1                 $d
            16bb             16bb       dd     1         /home/x/i/rust-sel4/target/aarch64-unknown-none/release/deps/sel4_kernel_loader_masquerade_image-45da3c59c5b0083c.sel4_kernel_loader_masquerade_image.451725271827d6e-cgu.0.rcgu.o:(.rodata..Lanon.16ef1bd609cf5f8549bc01262f21c8d8.10)
            16bb             16bb        0     1                 $d
            1798             1798      117     1         /home/x/i/rust-sel4/target/aarch64-unknown-none/release/deps/sel4_kernel_loader_masquerade_image-45da3c59c5b0083c.sel4_kernel_loader_masquerade_image.451725271827d6e-cgu.0.rcgu.o:(.rodata..Lanon.16ef1bd609cf5f8549bc01262f21c8d8.11)
            1798             1798        0     1                 $d
            18af             18af       19     1         /home/x/i/rust-sel4/target/aarch64-unknown-none/release/deps/libcore-6a8cc502d3744e43.rlib(core-6a8cc502d3744e43.core.ce8a26edb794db7d-cgu.11.rcgu.o):(.rodata..Lanon.4e69e9dd782e398240fcde19d394400a.17)
            18af             18af        0     1                 $d
            18c8             18c8       2a     1         /home/x/i/rust-sel4/target/aarch64-unknown-none/release/deps/libcore-6a8cc502d3744e43.rlib(core-6a8cc502d3744e43.core.ce8a26edb794db7d-cgu.13.rcgu.o):(.rodata..Lanon.daabeab1957006d5800f18d1b9c44332.30)
            18c8             18c8        0     1                 $d
            18f8             18f8       18     8 .data.rel.ro..Lanon.16ef1bd609cf5f8549bc01262f21c8d8.1
            18f8             18f8       18     8         /home/x/i/rust-sel4/target/aarch64-unknown-none/release/deps/sel4_kernel_loader_masquerade_image-45da3c59c5b0083c.sel4_kernel_loader_masquerade_image.451725271827d6e-cgu.0.rcgu.o:(.data.rel.ro..Lanon.16ef1bd609cf5f8549bc01262f21c8d8.1)
            18f8             18f8        0     1                 $d
            1910             1910       18     8 .data.rel.ro..Lanon.16ef1bd609cf5f8549bc01262f21c8d8.2
            1910             1910       18     8         /home/x/i/rust-sel4/target/aarch64-unknown-none/release/deps/sel4_kernel_loader_masquerade_image-45da3c59c5b0083c.sel4_kernel_loader_masquerade_image.451725271827d6e-cgu.0.rcgu.o:(.data.rel.ro..Lanon.16ef1bd609cf5f8549bc01262f21c8d8.2)
            1910             1910        0     1                 $d
            1928             1928       18     8 .data.rel.ro..Lanon.16ef1bd609cf5f8549bc01262f21c8d8.4
            1928             1928       18     8         /home/x/i/rust-sel4/target/aarch64-unknown-none/release/deps/sel4_kernel_loader_masquerade_image-45da3c59c5b0083c.sel4_kernel_loader_masquerade_image.451725271827d6e-cgu.0.rcgu.o:(.data.rel.ro..Lanon.16ef1bd609cf5f8549bc01262f21c8d8.4)
            1928             1928        0     1                 $d
            1940             1940       18     8 .data.rel.ro..Lanon.16ef1bd609cf5f8549bc01262f21c8d8.8
            1940             1940       18     8         /home/x/i/rust-sel4/target/aarch64-unknown-none/release/deps/sel4_kernel_loader_masquerade_image-45da3c59c5b0083c.sel4_kernel_loader_masquerade_image.451725271827d6e-cgu.0.rcgu.o:(.data.rel.ro..Lanon.16ef1bd609cf5f8549bc01262f21c8d8.8)
            1940             1940        0     1                 $d
            1958             1958       18     8 .data.rel.ro..Lanon.daabeab1957006d5800f18d1b9c44332.31
            1958             1958       18     8         /home/x/i/rust-sel4/target/aarch64-unknown-none/release/deps/libcore-6a8cc502d3744e43.rlib(core-6a8cc502d3744e43.core.ce8a26edb794db7d-cgu.13.rcgu.o):(.data.rel.ro..Lanon.daabeab1957006d5800f18d1b9c44332.31)
            1958             1958        0     1                 $d
            1970             1970       18     8 .data.rel.ro..Lanon.75b04f9f14379b9ae35c74b75481e701.51
            1970             1970       18     8         /home/x/i/rust-sel4/target/aarch64-unknown-none/release/deps/libcompiler_builtins-4c39ba86792f07ba.rlib(compiler_builtins-4c39ba86792f07ba.compiler_builtins.4bd0e354f319f02d-cgu.09.rcgu.o):(.data.rel.ro..Lanon.75b04f9f14379b9ae35c74b75481e701.51)
            1970             1970        0     1                 $d
            1988             1988        0     1 
            1988             1988        0     1 
            1988             1988        0     1 . = ALIGN(8)
            1988             1988        0     1 _payload_start = .
               0                0     10b0     8 .symtab
               0                0     10b0     8         <internal>:(.symtab)
               0                0     1871     1 .strtab
               0                0     1871     1         <internal>:(.strtab)
               0                0      175     1 .shstrtab
               0                0      175     1         <internal>:(.shstrtab)
